Archive member included to satisfy reference by file (symbol)

/usr/lib/gcc/arm-none-eabi/4.9.3/../../../arm-none-eabi/lib/libg_nano.a(lib_a-errno.o)
                              ./system/src/newlib/_sbrk.o (__errno)
/usr/lib/gcc/arm-none-eabi/4.9.3/../../../arm-none-eabi/lib/libg_nano.a(lib_a-impure.o)
                              /usr/lib/gcc/arm-none-eabi/4.9.3/../../../arm-none-eabi/lib/libg_nano.a(lib_a-errno.o) (_impure_ptr)
/usr/lib/gcc/arm-none-eabi/4.9.3/../../../arm-none-eabi/lib/libg_nano.a(lib_a-memcmp.o)
                              ./FreeRTOS-TCP/tcp_src/FreeRTOS_ARP.o (memcmp)
/usr/lib/gcc/arm-none-eabi/4.9.3/../../../arm-none-eabi/lib/libg_nano.a(lib_a-memcpy.o)
                              ./FreeRTOS-TCP/tcp_src/FreeRTOS_ARP.o (memcpy)
/usr/lib/gcc/arm-none-eabi/4.9.3/../../../arm-none-eabi/lib/libg_nano.a(lib_a-memmove.o)
                              ./FreeRTOS-TCP/tcp_src/FreeRTOS_IP.o (memmove)
/usr/lib/gcc/arm-none-eabi/4.9.3/../../../arm-none-eabi/lib/libg_nano.a(lib_a-memset.o)
                              ./FreeRTOS-TCP/tcp_src/FreeRTOS_ARP.o (memset)
/usr/lib/gcc/arm-none-eabi/4.9.3/../../../arm-none-eabi/lib/libg_nano.a(lib_a-strcpy.o)
                              ./FreeRTOS-TCP/tcp_src/FreeRTOS_DNS.o (strcpy)
/usr/lib/gcc/arm-none-eabi/4.9.3/../../../arm-none-eabi/lib/libg_nano.a(lib_a-strlen.o)
                              ./system/src/diag/Trace.o (strlen)
/usr/lib/gcc/arm-none-eabi/4.9.3/../../../arm-none-eabi/lib/libg_nano.a(lib_a-vsnprintf.o)
                              ./system/src/diag/Trace.o (vsnprintf)
/usr/lib/gcc/arm-none-eabi/4.9.3/../../../arm-none-eabi/lib/libg_nano.a(lib_a-nano-svfprintf.o)
                              /usr/lib/gcc/arm-none-eabi/4.9.3/../../../arm-none-eabi/lib/libg_nano.a(lib_a-vsnprintf.o) (_svfprintf_r)
/usr/lib/gcc/arm-none-eabi/4.9.3/../../../arm-none-eabi/lib/libg_nano.a(lib_a-nano-vfprintf_i.o)
                              /usr/lib/gcc/arm-none-eabi/4.9.3/../../../arm-none-eabi/lib/libg_nano.a(lib_a-nano-svfprintf.o) (_printf_i)
/usr/lib/gcc/arm-none-eabi/4.9.3/../../../arm-none-eabi/lib/libg_nano.a(lib_a-memchr.o)
                              /usr/lib/gcc/arm-none-eabi/4.9.3/../../../arm-none-eabi/lib/libg_nano.a(lib_a-nano-svfprintf.o) (memchr)
/usr/lib/gcc/arm-none-eabi/4.9.3/../../../arm-none-eabi/lib/libg_nano.a(lib_a-nano-freer.o)
                              /usr/lib/gcc/arm-none-eabi/4.9.3/../../../arm-none-eabi/lib/libg_nano.a(lib_a-nano-svfprintf.o) (_free_r)
/usr/lib/gcc/arm-none-eabi/4.9.3/../../../arm-none-eabi/lib/libg_nano.a(lib_a-nano-mallocr.o)
                              /usr/lib/gcc/arm-none-eabi/4.9.3/../../../arm-none-eabi/lib/libg_nano.a(lib_a-nano-svfprintf.o) (_malloc_r)
/usr/lib/gcc/arm-none-eabi/4.9.3/../../../arm-none-eabi/lib/libg_nano.a(lib_a-nano-reallocr.o)
                              /usr/lib/gcc/arm-none-eabi/4.9.3/../../../arm-none-eabi/lib/libg_nano.a(lib_a-nano-svfprintf.o) (_realloc_r)
/usr/lib/gcc/arm-none-eabi/4.9.3/../../../arm-none-eabi/lib/libg_nano.a(lib_a-sbrkr.o)
                              /usr/lib/gcc/arm-none-eabi/4.9.3/../../../arm-none-eabi/lib/libg_nano.a(lib_a-nano-mallocr.o) (_sbrk_r)
/usr/lib/gcc/arm-none-eabi/4.9.3/../../../arm-none-eabi/lib/libg_nano.a(lib_a-nano-msizer.o)
                              /usr/lib/gcc/arm-none-eabi/4.9.3/../../../arm-none-eabi/lib/libg_nano.a(lib_a-nano-reallocr.o) (_malloc_usable_size_r)
/usr/lib/gcc/arm-none-eabi/4.9.3/libgcc.a(_udivsi3.o)
                              /usr/lib/gcc/arm-none-eabi/4.9.3/../../../arm-none-eabi/lib/libg_nano.a(lib_a-nano-vfprintf_i.o) (__aeabi_uidiv)
/usr/lib/gcc/arm-none-eabi/4.9.3/libgcc.a(_dvmd_tls.o)
                              /usr/lib/gcc/arm-none-eabi/4.9.3/libgcc.a(_udivsi3.o) (__aeabi_idiv0)

Allocating common symbols
Common symbol       size              file

timer_delayCount    0x4               ./src/Timer.o
errno               0x4               ./system/src/newlib/_syscalls.o
uwTick              0x4               ./system/src/stm32f7-hal/stm32f7xx_hal.o
xBoundTCPSocketsList
                    0x14              ./FreeRTOS-TCP/tcp_src/FreeRTOS_Sockets.o
xTaskBuffer         0x4c              ./src/main.o
pFlash              0x1c              ./system/src/stm32f7-hal/stm32f7xx_hal_flash.o
Rx_Buff             0x17d0            ./FreeRTOS-TCP/tcp_src/NetworkInterface.o
xStack              0x50              ./src/main.o
xBoundUDPSocketsList
                    0x14              ./FreeRTOS-TCP/tcp_src/FreeRTOS_Sockets.o

Discarded input sections

 .group         0x0000000000000000        0x8 ./system/src/stm32f7-hal/stm32f7xx_hal.o
 .group         0x0000000000000000        0x8 ./system/src/stm32f7-hal/stm32f7xx_hal.o
 .group         0x0000000000000000        0x8 ./system/src/stm32f7-hal/stm32f7xx_hal.o
 .group         0x0000000000000000        0x8 ./system/src/stm32f7-hal/stm32f7xx_hal.o
 .group         0x0000000000000000        0x8 ./system/src/stm32f7-hal/stm32f7xx_hal.o
[...]
Memory Configuration

Name             Origin             Length             Attributes
RAM              0x0000000020000000 0x0000000000080000 xrw
CCMRAM           0x0000000010000000 0x0000000000000000 xrw
FLASH            0x0000000008000000 0x0000000000100000 xr
FLASHB1          0x0000000000000000 0x0000000000000000 xr
EXTMEMB0         0x0000000000000000 0x0000000000000000 xr
EXTMEMB1         0x0000000000000000 0x0000000000000000 xr
EXTMEMB2         0x0000000000000000 0x0000000000000000 xr
EXTMEMB3         0x0000000000000000 0x0000000000000000 xr
*default*        0x0000000000000000 0xffffffffffffffff

Linker script and memory map

LOAD ./system/src/stm32f7-hal/stm32f7xx_hal.o
LOAD ./system/src/stm32f7-hal/stm32f7xx_hal_cortex.o
LOAD ./system/src/stm32f7-hal/stm32f7xx_hal_crc_ex.o
LOAD ./system/src/stm32f7-hal/stm32f7xx_hal_dfsdm.o
LOAD ./system/src/stm32f7-hal/stm32f7xx_hal_flash.o
LOAD ./system/src/stm32f7-hal/stm32f7xx_hal_gpio.o
LOAD ./system/src/stm32f7-hal/stm32f7xx_hal_iwdg.o
LOAD ./system/src/stm32f7-hal/stm32f7xx_hal_jpeg.o
LOAD ./system/src/stm32f7-hal/stm32f7xx_hal_mdios.o
LOAD ./system/src/stm32f7-hal/stm32f7xx_hal_pwr.o
LOAD ./system/src/stm32f7-hal/stm32f7xx_hal_pwr_ex.o
LOAD ./system/src/stm32f7-hal/stm32f7xx_hal_rcc.o
LOAD ./system/src/stm32f7-hal/stm32f7xx_hal_rcc_ex.o
LOAD ./system/src/stm32f7-hal/stm32f7xx_hal_smartcard_ex.o
LOAD ./system/src/newlib/_cxx.o
LOAD ./system/src/newlib/_exit.o
LOAD ./system/src/newlib/_sbrk.o
LOAD ./system/src/newlib/_startup.o
LOAD ./system/src/newlib/_syscalls.o
LOAD ./system/src/newlib/assert.o
LOAD ./system/src/diag/Trace.o
LOAD ./system/src/diag/trace_impl.o
LOAD ./system/src/cortexm/_initialize_hardware.o
LOAD ./system/src/cortexm/_reset_hardware.o
LOAD ./system/src/cortexm/exception_handlers.o
LOAD ./system/src/cmsis/system_stm32f7xx.o
LOAD ./system/src/cmsis/vectors_stm32f767xx.o
LOAD ./src/BlinkLed.o
LOAD ./src/Timer.o
LOAD ./src/_initialize_hardware.o
LOAD ./src/_write.o
LOAD ./src/main.o
LOAD ./src/stm32f7xx_hal_msp.o
LOAD ./FreeRTOS-TCP/tcp_src/BufferAllocation_1.o
LOAD ./FreeRTOS-TCP/tcp_src/FreeRTOS_ARP.o
LOAD ./FreeRTOS-TCP/tcp_src/FreeRTOS_DHCP.o
LOAD ./FreeRTOS-TCP/tcp_src/FreeRTOS_DNS.o
LOAD ./FreeRTOS-TCP/tcp_src/FreeRTOS_IP.o
LOAD ./FreeRTOS-TCP/tcp_src/FreeRTOS_Sockets.o
LOAD ./FreeRTOS-TCP/tcp_src/FreeRTOS_Stream_Buffer.o
LOAD ./FreeRTOS-TCP/tcp_src/FreeRTOS_TCP_IP.o
LOAD ./FreeRTOS-TCP/tcp_src/FreeRTOS_TCP_WIN.o
LOAD ./FreeRTOS-TCP/tcp_src/FreeRTOS_UDP_IP.o
LOAD ./FreeRTOS-TCP/tcp_src/NetworkInterface.o
LOAD ./FreeRTOS-TCP/tcp_src/heap_4.o
LOAD ./FreeRTOS-TCP/tcp_src/stm32f7xx_hal_eth.o
LOAD ./FreeRTOS-TCP/src/list.o
LOAD ./FreeRTOS-TCP/src/port.o
LOAD ./FreeRTOS-TCP/src/queue.o
LOAD ./FreeRTOS-TCP/src/tasks.o
LOAD /usr/lib/gcc/arm-none-eabi/4.9.3/../../../arm-none-eabi/lib/libstdc++_nano.a
LOAD /usr/lib/gcc/arm-none-eabi/4.9.3/../../../arm-none-eabi/lib/libm.a
START GROUP
LOAD /usr/lib/gcc/arm-none-eabi/4.9.3/libgcc.a
LOAD /usr/lib/gcc/arm-none-eabi/4.9.3/../../../arm-none-eabi/lib/libg_nano.a
LOAD /usr/lib/gcc/arm-none-eabi/4.9.3/../../../arm-none-eabi/lib/libc_nano.a
END GROUP
START GROUP
LOAD /usr/lib/gcc/arm-none-eabi/4.9.3/libgcc.a
LOAD /usr/lib/gcc/arm-none-eabi/4.9.3/../../../arm-none-eabi/lib/libc_nano.a
END GROUP
                0x0000000020080000                __stack = (ORIGIN (RAM) + LENGTH (RAM))
                0x0000000020080000                _estack = __stack
                0x0000000000000400                __Main_Stack_Size = 0x400
                [!provide]                        PROVIDE (_Main_Stack_Size, __Main_Stack_Size)
                0x000000002007fc00                __Main_Stack_Limit = (__stack - __Main_Stack_Size)
                [!provide]                        PROVIDE (_Main_Stack_Limit, __Main_Stack_Limit)
                0x0000000000000100                _Minimum_Stack_Size = 0x100
                0x00000000200001f4                PROVIDE (_Heap_Begin, _end_noinit)
                0x000000002007fc00                PROVIDE (_Heap_Limit, (__stack - __Main_Stack_Size))

.isr_vector     0x0000000008000000      0x430
 FILL mask 0xff
                0x0000000008000000                __vectors_start = ABSOLUTE (.)
                0x0000000008000000                __vectors_start__ = ABSOLUTE (.)
 *(.isr_vector)
 .isr_vector    0x0000000008000000      0x1f8 ./system/src/cmsis/vectors_stm32f767xx.o
                0x0000000008000000                __isr_vectors
 *(.cfmconfig)
 *(.after_vectors .after_vectors.*)
 .after_vectors
                0x00000000080001f8      0x130 ./system/src/newlib/_startup.o
                0x00000000080001f8                _start
 .after_vectors
                0x0000000008000328      0x104 ./system/src/cortexm/exception_handlers.o
                0x0000000008000328                Reset_Handler
                0x0000000008000330                NMI_Handler
                0x0000000008000334                HardFault_Handler
                0x0000000008000348                HardFault_Handler_C
                0x000000000800037c                MemManage_Handler
                0x0000000008000380                BusFault_Handler
                0x0000000008000394                BusFault_Handler_C
                0x00000000080003c8                UsageFault_Handler
                0x00000000080003dc                UsageFault_Handler_C
                0x0000000008000414                DebugMon_Handler
 .after_vectors
                0x000000000800042c        0x4 ./system/src/cmsis/vectors_stm32f767xx.o
                0x000000000800042c                RTC_Alarm_IRQHandler
                0x000000000800042c                EXTI2_IRQHandler
                0x000000000800042c                TIM8_CC_IRQHandler
                0x000000000800042c                UART8_IRQHandler
                0x000000000800042c                SPI4_IRQHandler
                0x000000000800042c                TIM1_CC_IRQHandler
                0x000000000800042c                DMA2_Stream5_IRQHandler
                0x000000000800042c                JPEG_IRQHandler
                0x000000000800042c                DMA1_Stream5_IRQHandler
                0x000000000800042c                CAN3_RX1_IRQHandler
                0x000000000800042c                PVD_IRQHandler
                0x000000000800042c                TAMP_STAMP_IRQHandler
                0x000000000800042c                CAN2_RX1_IRQHandler
                0x000000000800042c                EXTI3_IRQHandler
                0x000000000800042c                TIM8_TRG_COM_TIM14_IRQHandler
                0x000000000800042c                DFSDM1_FLT1_IRQHandler
                0x000000000800042c                TIM1_UP_TIM10_IRQHandler
                0x000000000800042c                TIM8_UP_TIM13_IRQHandler
                0x000000000800042c                I2C3_ER_IRQHandler
                0x000000000800042c                DFSDM1_FLT2_IRQHandler
                0x000000000800042c                EXTI0_IRQHandler
                0x000000000800042c                I2C2_EV_IRQHandler
                0x000000000800042c                DMA1_Stream2_IRQHandler
                0x000000000800042c                CAN1_RX0_IRQHandler
                0x000000000800042c                FPU_IRQHandler
                0x000000000800042c                OTG_HS_WKUP_IRQHandler
                0x000000000800042c                CAN3_SCE_IRQHandler
                0x000000000800042c                LTDC_ER_IRQHandler
                0x000000000800042c                CAN2_SCE_IRQHandler
                0x000000000800042c                DMA2_Stream2_IRQHandler
                0x000000000800042c                SPI1_IRQHandler
                0x000000000800042c                TIM6_DAC_IRQHandler
                0x000000000800042c                TIM1_BRK_TIM9_IRQHandler
                0x000000000800042c                DCMI_IRQHandler
                0x000000000800042c                CAN2_RX0_IRQHandler
                0x000000000800042c                DMA2_Stream3_IRQHandler
                0x000000000800042c                SAI2_IRQHandler
                0x000000000800042c                DFSDM1_FLT3_IRQHandler
                0x000000000800042c                USART6_IRQHandler
                0x000000000800042c                CAN3_RX0_IRQHandler
                0x000000000800042c                USART3_IRQHandler
                0x000000000800042c                CAN1_RX1_IRQHandler
                0x000000000800042c                UART5_IRQHandler
                0x000000000800042c                DMA2_Stream0_IRQHandler
                0x000000000800042c                TIM4_IRQHandler
                0x000000000800042c                QUADSPI_IRQHandler
                0x000000000800042c                I2C1_EV_IRQHandler
                0x000000000800042c                DMA1_Stream6_IRQHandler
                0x000000000800042c                DMA1_Stream1_IRQHandler
                0x000000000800042c                UART4_IRQHandler
                0x000000000800042c                TIM3_IRQHandler
                0x000000000800042c                RCC_IRQHandler
                0x000000000800042c                TIM8_BRK_TIM12_IRQHandler
                0x000000000800042c                Default_Handler
                0x000000000800042c                CEC_IRQHandler
                0x000000000800042c                EXTI15_10_IRQHandler
                0x000000000800042c                ADC_IRQHandler
                0x000000000800042c                DMA1_Stream7_IRQHandler
                0x000000000800042c                SPI5_IRQHandler
                0x000000000800042c                TIM7_IRQHandler
                0x000000000800042c                SDMMC1_IRQHandler
                0x000000000800042c                CAN2_TX_IRQHandler
                0x000000000800042c                TIM5_IRQHandler
                0x000000000800042c                DMA2_Stream7_IRQHandler
                0x000000000800042c                I2C3_EV_IRQHandler
                0x000000000800042c                EXTI9_5_IRQHandler
                0x000000000800042c                RTC_WKUP_IRQHandler
                0x000000000800042c                LTDC_IRQHandler
                0x000000000800042c                ETH_WKUP_IRQHandler
                0x000000000800042c                SPDIF_RX_IRQHandler
                0x000000000800042c                SPI2_IRQHandler
                0x000000000800042c                OTG_HS_EP1_IN_IRQHandler
                0x000000000800042c                DMA1_Stream0_IRQHandler
                0x000000000800042c                CAN1_TX_IRQHandler
                0x000000000800042c                EXTI4_IRQHandler
                0x000000000800042c                RNG_IRQHandler
                0x000000000800042c                OTG_HS_EP1_OUT_IRQHandler
                0x000000000800042c                WWDG_IRQHandler
                0x000000000800042c                SPI6_IRQHandler
                0x000000000800042c                MDIOS_IRQHandler
                0x000000000800042c                I2C4_EV_IRQHandler
                0x000000000800042c                CAN3_TX_IRQHandler
                0x000000000800042c                TIM2_IRQHandler
                0x000000000800042c                OTG_FS_WKUP_IRQHandler
                0x000000000800042c                TIM1_TRG_COM_TIM11_IRQHandler
                0x000000000800042c                OTG_HS_IRQHandler
                0x000000000800042c                DMA2D_IRQHandler
                0x000000000800042c                EXTI1_IRQHandler
                0x000000000800042c                SDMMC2_IRQHandler
                0x000000000800042c                UART7_IRQHandler
                0x000000000800042c                USART2_IRQHandler
                0x000000000800042c                DFSDM1_FLT0_IRQHandler
                0x000000000800042c                I2C2_ER_IRQHandler
                0x000000000800042c                DMA2_Stream1_IRQHandler
                0x000000000800042c                CAN1_SCE_IRQHandler
                0x000000000800042c                FLASH_IRQHandler
                0x000000000800042c                DMA2_Stream4_IRQHandler
                0x000000000800042c                USART1_IRQHandler
                0x000000000800042c                OTG_FS_IRQHandler
                0x000000000800042c                SPI3_IRQHandler
                0x000000000800042c                DMA1_Stream4_IRQHandler
                0x000000000800042c                I2C1_ER_IRQHandler
                0x000000000800042c                FMC_IRQHandler
                0x000000000800042c                LPTIM1_IRQHandler
                0x000000000800042c                I2C4_ER_IRQHandler
                0x000000000800042c                DMA2_Stream6_IRQHandler
                0x000000000800042c                SAI1_IRQHandler
                0x000000000800042c                DMA1_Stream3_IRQHandler

.inits          0x0000000008000430       0x28
                0x0000000008000430                __data_regions_array_start = .
                0x0000000008000430        0x4 LONG 0x8002744 LOADADDR (.data)
                0x0000000008000434        0x4 LONG 0x20000000 ADDR (.data)
                0x0000000008000438        0x4 LONG 0x20000078 (ADDR (.data) + SIZEOF (.data))
                0x000000000800043c        0x4 LONG 0x8002744 LOADADDR (.data_CCMRAM)
                0x0000000008000440        0x4 LONG 0x10000000 ADDR (.data_CCMRAM)
                0x0000000008000444        0x4 LONG 0x10000000 (ADDR (.data_CCMRAM) + SIZEOF (.data_CCMRAM))
                0x0000000008000448                __data_regions_array_end = .
                0x0000000008000448                __bss_regions_array_start = .
                0x0000000008000448        0x4 LONG 0x20000078 ADDR (.bss)
                0x000000000800044c        0x4 LONG 0x200001f4 (ADDR (.bss) + SIZEOF (.bss))
                0x0000000008000450        0x4 LONG 0x10000000 ADDR (.bss_CCMRAM)
                0x0000000008000454        0x4 LONG 0x10000000 (ADDR (.bss_CCMRAM) + SIZEOF (.bss_CCMRAM))
                0x0000000008000458                __bss_regions_array_end = .
 *(.init)
 *(.fini)
                0x0000000008000458                . = ALIGN (0x4)
                0x0000000008000458                PROVIDE (__preinit_array_start, .)
 *(.preinit_array_sysinit .preinit_array_sysinit.*)
 *(.preinit_array_platform .preinit_array_platform.*)
 *(.preinit_array .preinit_array.*)
                0x0000000008000458                PROVIDE (__preinit_array_end, .)
                0x0000000008000458                . = ALIGN (0x4)
                0x0000000008000458                PROVIDE (__init_array_start, .)
 *(SORT(.init_array.*))
 *(.init_array)
                0x0000000008000458                PROVIDE (__init_array_end, .)
                0x0000000008000458                . = ALIGN (0x4)
                0x0000000008000458                PROVIDE (__fini_array_start, .)
 *(SORT(.fini_array.*))
 *(.fini_array)
                0x0000000008000458                PROVIDE (__fini_array_end, .)

.flashtext
 *(.flashtext .flashtext.*)

.text           0x0000000008000460     0x22e1
 *(.text .text.*)
 .text.HAL_InitTick
                0x0000000008000460       0x2c ./system/src/stm32f7-hal/stm32f7xx_hal.o
                0x0000000008000460                HAL_InitTick
 .text.HAL_Init
                0x000000000800048c       0x24 ./system/src/stm32f7-hal/stm32f7xx_hal.o
                0x000000000800048c                HAL_Init
 .text.HAL_IncTick
                0x00000000080004b0       0x10 ./system/src/stm32f7-hal/stm32f7xx_hal.o
                0x00000000080004b0                HAL_IncTick
 .text.HAL_GetTick
                0x00000000080004c0        0xc ./system/src/stm32f7-hal/stm32f7xx_hal.o
                0x00000000080004c0                HAL_GetTick
 .text.HAL_NVIC_SetPriorityGrouping
                0x00000000080004cc       0x3c ./system/src/stm32f7-hal/stm32f7xx_hal_cortex.o
                0x00000000080004cc                HAL_NVIC_SetPriorityGrouping
 .text.HAL_NVIC_SetPriority
                0x0000000008000508       0x80 ./system/src/stm32f7-hal/stm32f7xx_hal_cortex.o
                0x0000000008000508                HAL_NVIC_SetPriority
 .text.HAL_SYSTICK_Config
                0x0000000008000588       0x2c ./system/src/stm32f7-hal/stm32f7xx_hal_cortex.o
                0x0000000008000588                HAL_SYSTICK_Config
 .text.HAL_SYSTICK_CLKSourceConfig
                0x00000000080005b4       0x3c ./system/src/stm32f7-hal/stm32f7xx_hal_cortex.o
                0x00000000080005b4                HAL_SYSTICK_CLKSourceConfig
 .text.HAL_PWREx_EnableOverDrive
                0x00000000080005f0       0x80 ./system/src/stm32f7-hal/stm32f7xx_hal_pwr_ex.o
                0x00000000080005f0                HAL_PWREx_EnableOverDrive
 .text.HAL_RCC_GetSysClockFreq
                0x0000000008000670       0x94 ./system/src/stm32f7-hal/stm32f7xx_hal_rcc.o
                0x0000000008000670                HAL_RCC_GetSysClockFreq
 .text.HAL_RCC_ClockConfig
                0x0000000008000704      0x24c ./system/src/stm32f7-hal/stm32f7xx_hal_rcc.o
                0x0000000008000704                HAL_RCC_ClockConfig
 .text.HAL_RCC_GetHCLKFreq
                0x0000000008000950        0xc ./system/src/stm32f7-hal/stm32f7xx_hal_rcc.o
                0x0000000008000950                HAL_RCC_GetHCLKFreq
 .text.HAL_RCC_OscConfig
                0x000000000800095c      0x520 ./system/src/stm32f7-hal/stm32f7xx_hal_rcc_ex.o
                0x000000000800095c                HAL_RCC_OscConfig
 .text._exit    0x0000000008000e7c        0x4 ./system/src/newlib/_exit.o
                0x0000000008000e7c                _exit
 .text.abort    0x0000000008000e80       0x14 ./system/src/newlib/_exit.o
                0x0000000008000e80                abort
 .text._sbrk    0x0000000008000e94       0x44 ./system/src/newlib/_sbrk.o
                0x0000000008000e94                _sbrk
 .text.__initialize_args
                0x0000000008000ed8       0x10 ./system/src/newlib/_syscalls.o
                0x0000000008000ed8                __initialize_args
 .text.assert_failed
                0x0000000008000ee8       0x18 ./system/src/newlib/assert.o
                0x0000000008000ee8                assert_failed
 .text.trace_printf
                0x0000000008000f00       0x34 ./system/src/diag/Trace.o
                0x0000000008000f00                trace_printf
 .text.trace_puts
                0x0000000008000f34       0x20 ./system/src/diag/Trace.o
                0x0000000008000f34                trace_puts
 .text._trace_write_itm
                0x0000000008000f54       0x48 ./system/src/diag/trace_impl.o
 .text.trace_write
                0x0000000008000f9c        0x8 ./system/src/diag/trace_impl.o
                0x0000000008000f9c                trace_write
 .text.__initialize_hardware_early
                0x0000000008000fa4       0x18 ./system/src/cortexm/_initialize_hardware.o
                0x0000000008000fa4                __initialize_hardware_early
 .text.dumpExceptionStack
                0x0000000008000fbc       0xf0 ./system/src/cortexm/exception_handlers.o
                0x0000000008000fbc                dumpExceptionStack
 .text.SystemInit
                0x00000000080010ac       0x40 ./system/src/cmsis/system_stm32f7xx.o
                0x00000000080010ac                SystemInit
 .text.SystemCoreClockUpdate
                0x00000000080010ec       0xa0 ./system/src/cmsis/system_stm32f7xx.o
                0x00000000080010ec                SystemCoreClockUpdate
 .text.timer_tick
                0x000000000800118c       0x14 ./src/Timer.o
                0x000000000800118c                timer_tick
 .text.SysTick_Handler
                0x00000000080011a0        0xc ./src/Timer.o
                0x00000000080011a0                SysTick_Handler
 .text.SystemClock_Config
                0x00000000080011ac       0x9c ./src/_initialize_hardware.o
                0x00000000080011ac                SystemClock_Config
 .text.__initialize_hardware
                0x0000000008001248       0x84 ./src/_initialize_hardware.o
                0x0000000008001248                __initialize_hardware
 .text.main     0x00000000080012cc        0x4 ./src/main.o
                0x00000000080012cc                main
 .text.HAL_MspInit
                0x00000000080012d0        0x4 ./src/stm32f7xx_hal_msp.o
                0x00000000080012d0                HAL_MspInit
 .text.HAL_ETH_RxCpltCallback
                0x00000000080012d4       0x44 ./FreeRTOS-TCP/tcp_src/NetworkInterface.o
                0x00000000080012d4                HAL_ETH_RxCpltCallback
 .text.HAL_ETH_TxCpltCallback
                0x0000000008001318       0x44 ./FreeRTOS-TCP/tcp_src/NetworkInterface.o
                0x0000000008001318                HAL_ETH_TxCpltCallback
 .text.ETH_IRQHandler
                0x000000000800135c       0x10 ./FreeRTOS-TCP/tcp_src/NetworkInterface.o
                0x000000000800135c                ETH_IRQHandler
 .text.HAL_ETH_ErrorCallback
                0x000000000800136c        0x4 ./FreeRTOS-TCP/tcp_src/stm32f7xx_hal_eth.o
                0x000000000800136c                HAL_ETH_ErrorCallback
 .text.HAL_ETH_IRQHandler
                0x0000000008001370       0x3c ./FreeRTOS-TCP/tcp_src/stm32f7xx_hal_eth.o
                0x0000000008001370                HAL_ETH_IRQHandler
 .text.vListInsertEnd
                0x00000000080013ac       0x18 ./FreeRTOS-TCP/src/list.o
                0x00000000080013ac                vListInsertEnd
 .text.uxListRemove
                0x00000000080013c4       0x28 ./FreeRTOS-TCP/src/list.o
                0x00000000080013c4                uxListRemove
 *fill*         0x00000000080013ec        0x4 
 .text.SVC_Handler
                0x00000000080013f0       0x24 ./FreeRTOS-TCP/src/port.o
                0x00000000080013f0                SVC_Handler
 *fill*         0x0000000008001414        0xc 
 .text.PendSV_Handler
                0x0000000008001420       0x44 ./FreeRTOS-TCP/src/port.o
                0x0000000008001420                PendSV_Handler
 .text.vTaskSwitchContext
                0x0000000008001464       0x78 ./FreeRTOS-TCP/src/tasks.o
                0x0000000008001464                vTaskSwitchContext
 .text.vTaskNotifyGiveFromISR
                0x00000000080014dc       0xa0 ./FreeRTOS-TCP/src/tasks.o
                0x00000000080014dc                vTaskNotifyGiveFromISR
 .text.__errno  0x000000000800157c       0x10 /usr/lib/gcc/arm-none-eabi/4.9.3/../../../arm-none-eabi/lib/libg_nano.a(lib_a-errno.o)
                0x000000000800157c                __errno
 .text.memcpy   0x000000000800158c       0x1c /usr/lib/gcc/arm-none-eabi/4.9.3/../../../arm-none-eabi/lib/libg_nano.a(lib_a-memcpy.o)
                0x000000000800158c                memcpy
 .text.memmove  0x00000000080015a8       0x4c /usr/lib/gcc/arm-none-eabi/4.9.3/../../../arm-none-eabi/lib/libg_nano.a(lib_a-memmove.o)
                0x00000000080015a8                memmove
 .text.strlen   0x00000000080015f4       0x1c /usr/lib/gcc/arm-none-eabi/4.9.3/../../../arm-none-eabi/lib/libg_nano.a(lib_a-strlen.o)
                0x00000000080015f4                strlen
 .text._vsnprintf_r
                0x0000000008001610       0x88 /usr/lib/gcc/arm-none-eabi/4.9.3/../../../arm-none-eabi/lib/libg_nano.a(lib_a-vsnprintf.o)
                0x0000000008001610                _vsnprintf_r
                0x0000000008001610                _vsniprintf_r
 .text.vsnprintf
                0x0000000008001698       0x3c /usr/lib/gcc/arm-none-eabi/4.9.3/../../../arm-none-eabi/lib/libg_nano.a(lib_a-vsnprintf.o)
                0x0000000008001698                vsnprintf
                0x0000000008001698                vsniprintf
 .text.__ssputs_r
                0x00000000080016d4      0x124 /usr/lib/gcc/arm-none-eabi/4.9.3/../../../arm-none-eabi/lib/libg_nano.a(lib_a-nano-svfprintf.o)
                0x00000000080016d4                __ssputs_r
 .text._svfprintf_r
                0x00000000080017f8      0x30c /usr/lib/gcc/arm-none-eabi/4.9.3/../../../arm-none-eabi/lib/libg_nano.a(lib_a-nano-svfprintf.o)
                0x00000000080017f8                _svfprintf_r
                0x00000000080017f8                _svfiprintf_r
 .text._printf_common
                0x0000000008001b04      0x170 /usr/lib/gcc/arm-none-eabi/4.9.3/../../../arm-none-eabi/lib/libg_nano.a(lib_a-nano-vfprintf_i.o)
                0x0000000008001b04                _printf_common
 .text._printf_i
                0x0000000008001c74      0x3a4 /usr/lib/gcc/arm-none-eabi/4.9.3/../../../arm-none-eabi/lib/libg_nano.a(lib_a-nano-vfprintf_i.o)
                0x0000000008001c74                _printf_i
 .text.memchr   0x0000000008002018       0x34 /usr/lib/gcc/arm-none-eabi/4.9.3/../../../arm-none-eabi/lib/libg_nano.a(lib_a-memchr.o)
                0x0000000008002018                memchr
 .text._free_r  0x000000000800204c      0x108 /usr/lib/gcc/arm-none-eabi/4.9.3/../../../arm-none-eabi/lib/libg_nano.a(lib_a-nano-freer.o)
                0x000000000800204c                _free_r
 .text._malloc_r
                0x0000000008002154      0x130 /usr/lib/gcc/arm-none-eabi/4.9.3/../../../arm-none-eabi/lib/libg_nano.a(lib_a-nano-mallocr.o)
                0x0000000008002154                _malloc_r
 .text._realloc_r
                0x0000000008002284       0x7c /usr/lib/gcc/arm-none-eabi/4.9.3/../../../arm-none-eabi/lib/libg_nano.a(lib_a-nano-reallocr.o)
                0x0000000008002284                _realloc_r
 .text._sbrk_r  0x0000000008002300       0x3c /usr/lib/gcc/arm-none-eabi/4.9.3/../../../arm-none-eabi/lib/libg_nano.a(lib_a-sbrkr.o)
                0x0000000008002300                _sbrk_r
 .text._malloc_usable_size_r
                0x000000000800233c       0x1c /usr/lib/gcc/arm-none-eabi/4.9.3/../../../arm-none-eabi/lib/libg_nano.a(lib_a-nano-msizer.o)
                0x000000000800233c                _malloc_usable_size_r
 .text          0x0000000008002358      0x114 /usr/lib/gcc/arm-none-eabi/4.9.3/libgcc.a(_udivsi3.o)
                0x0000000008002358                __udivsi3
                0x0000000008002358                __aeabi_uidiv
                0x000000000800244c                __aeabi_uidivmod
 .text          0x000000000800246c        0x4 /usr/lib/gcc/arm-none-eabi/4.9.3/libgcc.a(_dvmd_tls.o)
                0x000000000800246c                __aeabi_ldiv0
                0x000000000800246c                __aeabi_idiv0
 *(.rodata .rodata.* .constdata .constdata.*)
 .rodata.str1.4
                0x0000000008002470       0x31 ./system/src/stm32f7-hal/stm32f7xx_hal_cortex.o
 *fill*         0x00000000080024a1        0x3 
 .rodata.str1.4
                0x00000000080024a4       0x2e ./system/src/stm32f7-hal/stm32f7xx_hal_rcc.o
 *fill*         0x00000000080024d2        0x2 
 .rodata.str1.4
                0x00000000080024d4       0x31 ./system/src/stm32f7-hal/stm32f7xx_hal_rcc_ex.o
 *fill*         0x0000000008002505        0x3 
 .rodata.str1.4
                0x0000000008002508       0x14 ./system/src/newlib/_exit.o
 .rodata.str1.4
                0x000000000800251c       0x6b ./system/src/newlib/assert.o
                                         0x6f (size before relaxing)
 *fill*         0x0000000008002587        0x1 
 .rodata.str1.4
                0x0000000008002588       0x29 ./system/src/diag/Trace.o
                                         0x2d (size before relaxing)
 *fill*         0x00000000080025b1        0x3 
 .rodata.str1.4
                0x00000000080025b4      0x148 ./system/src/cortexm/exception_handlers.o
                                        0x146 (size before relaxing)
 .rodata.AHBPrescTable
                0x00000000080026fc       0x10 ./system/src/cmsis/system_stm32f7xx.o
                0x00000000080026fc                AHBPrescTable
 .rodata.str1.1
                0x000000000800270c        0x2 /usr/lib/gcc/arm-none-eabi/4.9.3/../../../arm-none-eabi/lib/libg_nano.a(lib_a-impure.o)
 .rodata.str1.1
                0x000000000800270e       0x11 /usr/lib/gcc/arm-none-eabi/4.9.3/../../../arm-none-eabi/lib/libg_nano.a(lib_a-nano-svfprintf.o)
 .rodata.str1.1
                0x000000000800271f       0x22 /usr/lib/gcc/arm-none-eabi/4.9.3/../../../arm-none-eabi/lib/libg_nano.a(lib_a-nano-vfprintf_i.o)
 *(vtable)
 *(.eh_frame*)
 *(.glue_7)
 .glue_7        0x0000000008002741        0x0 linker stubs
 *(.glue_7t)
 .glue_7t       0x0000000008002741        0x0 linker stubs

.vfp11_veneer   0x0000000008002744        0x0
 .vfp11_veneer  0x0000000008002744        0x0 linker stubs

.v4_bx          0x0000000008002744        0x0
 .v4_bx         0x0000000008002744        0x0 linker stubs

.iplt           0x0000000008002744        0x0
 .iplt          0x0000000008002744        0x0 ./system/src/stm32f7-hal/stm32f7xx_hal.o

.rel.dyn        0x0000000008002744        0x0
 .rel.iplt      0x0000000008002744        0x0 ./system/src/stm32f7-hal/stm32f7xx_hal.o

.ARM.extab
 *(.ARM.extab* .gnu.linkonce.armextab.*)
                0x0000000008002744                . = ALIGN (0x4)
                0x0000000008002744                __exidx_start = .

.ARM.exidx
 *(.ARM.exidx* .gnu.linkonce.armexidx.*)
                0x0000000008002744                __exidx_end = .
                0x0000000008002744                . = ALIGN (0x4)
                0x0000000008002744                _etext = .
                0x0000000008002744                __etext = .

.data_CCMRAM    0x0000000010000000        0x0 load address 0x0000000008002744
 FILL mask 0xff
 *(.data.CCMRAM .data.CCMRAM.*)
                0x0000000010000000                . = ALIGN (0x4)
                0x0000000008002744                _sidata = LOADADDR (.data)

.data           0x0000000020000000       0x78 load address 0x0000000008002744
 FILL mask 0xff
                0x0000000020000000                _sdata = .
                0x0000000020000000                __data_start__ = .
 *(.data_begin .data_begin.*)
 .data_begin    0x0000000020000000        0x4 ./system/src/newlib/_startup.o
 *(.data .data.*)
 .data.argv.4161
                0x0000000020000004        0x8 ./system/src/newlib/_syscalls.o
 .data.SystemCoreClock
                0x000000002000000c        0x4 ./system/src/cmsis/system_stm32f7xx.o
                0x000000002000000c                SystemCoreClock
 .data.impure_data
                0x0000000020000010       0x60 /usr/lib/gcc/arm-none-eabi/4.9.3/../../../arm-none-eabi/lib/libg_nano.a(lib_a-impure.o)
 .data._impure_ptr
                0x0000000020000070        0x4 /usr/lib/gcc/arm-none-eabi/4.9.3/../../../arm-none-eabi/lib/libg_nano.a(lib_a-impure.o)
                0x0000000020000070                _impure_ptr
 *(.data_end .data_end.*)
 .data_end      0x0000000020000074        0x4 ./system/src/newlib/_startup.o
                0x0000000020000078                . = ALIGN (0x4)
                0x0000000020000078                _edata = .
                0x0000000020000078                __data_end__ = .

.igot.plt       0x0000000020000078        0x0 load address 0x00000000080027bc
 .igot.plt      0x0000000020000078        0x0 ./system/src/stm32f7-hal/stm32f7xx_hal.o

.bss_CCMRAM     0x0000000010000000        0x0
 *(.bss.CCMRAM .bss.CCMRAM.*)

.bss            0x0000000020000078      0x17c
                0x0000000020000078                __bss_start__ = .
                0x0000000020000078                _sbss = .
 *(.bss_begin .bss_begin.*)
 .bss_begin     0x0000000020000078        0x4 ./system/src/newlib/_startup.o
 *(.bss .bss.*)
 .bss.current_heap_end.3862
                0x000000002000007c        0x4 ./system/src/newlib/_sbrk.o
 .bss.name.4160
                0x0000000020000080        0x1 ./system/src/newlib/_syscalls.o
 *fill*         0x0000000020000081        0x3 
 .bss.buf.4998  0x0000000020000084       0x80 ./system/src/diag/Trace.o
 .bss.ulISREvents
                0x0000000020000104        0x4 ./FreeRTOS-TCP/tcp_src/NetworkInterface.o
 .bss.xEMACTaskHandle
                0x0000000020000108        0x4 ./FreeRTOS-TCP/tcp_src/NetworkInterface.o
 .bss.xETH      0x000000002000010c       0x48 ./FreeRTOS-TCP/tcp_src/NetworkInterface.o
 .bss.pxReadyTasksLists
                0x0000000020000154       0x64 ./FreeRTOS-TCP/src/tasks.o
 .bss.uxSchedulerSuspended
                0x00000000200001b8        0x4 ./FreeRTOS-TCP/src/tasks.o
 .bss.pxCurrentTCB
                0x00000000200001bc        0x4 ./FreeRTOS-TCP/src/tasks.o
                0x00000000200001bc                pxCurrentTCB
 .bss.xPendingReadyList
                0x00000000200001c0       0x14 ./FreeRTOS-TCP/src/tasks.o
 .bss.uxTopReadyPriority
                0x00000000200001d4        0x4 ./FreeRTOS-TCP/src/tasks.o
 .bss.xYieldPending
                0x00000000200001d8        0x4 ./FreeRTOS-TCP/src/tasks.o
 .bss.__malloc_sbrk_start
                0x00000000200001dc        0x4 /usr/lib/gcc/arm-none-eabi/4.9.3/../../../arm-none-eabi/lib/libg_nano.a(lib_a-nano-mallocr.o)
                0x00000000200001dc                __malloc_sbrk_start
 .bss.__malloc_free_list
                0x00000000200001e0        0x4 /usr/lib/gcc/arm-none-eabi/4.9.3/../../../arm-none-eabi/lib/libg_nano.a(lib_a-nano-mallocr.o)
                0x00000000200001e0                __malloc_free_list
 *(COMMON)
 COMMON         0x00000000200001e4        0x4 ./system/src/stm32f7-hal/stm32f7xx_hal.o
                0x00000000200001e4                uwTick
 COMMON         0x00000000200001e8        0x4 ./system/src/newlib/_syscalls.o
                0x00000000200001e8                errno
 COMMON         0x00000000200001ec        0x4 ./src/Timer.o
                0x00000000200001ec                timer_delayCount
 *(.bss_end .bss_end.*)
 .bss_end       0x00000000200001f0        0x4 ./system/src/newlib/_startup.o
                0x00000000200001f4                . = ALIGN (0x4)
                0x00000000200001f4                __bss_end__ = .
                0x00000000200001f4                _ebss = .

.noinit_CCMRAM
 *(.noinit.CCMRAM .noinit.CCMRAM.*)

.noinit         0x00000000200001f4        0x0
                0x00000000200001f4                _noinit = .
 *(.noinit .noinit.*)
                0x00000000200001f4                . = ALIGN (0x4)
                0x00000000200001f4                _end_noinit = .
                [!provide]                        PROVIDE (end, _end_noinit)
                [!provide]                        PROVIDE (_end, _end_noinit)
                [!provide]                        PROVIDE (__end, _end_noinit)
                [!provide]                        PROVIDE (__end__, _end_noinit)

._check_stack   0x00000000200001f4      0x100
                0x00000000200002f4                . = (. + _Minimum_Stack_Size)
 *fill*         0x00000000200001f4      0x100 

.b1text
 *(.b1text)
 *(.b1rodata)
 *(.b1rodata.*)

.eb0text
 *(.eb0text)
 *(.eb0rodata)
 *(.eb0rodata.*)

.eb1text
 *(.eb1text)
 *(.eb1rodata)
 *(.eb1rodata.*)

.eb2text
 *(.eb2text)
 *(.eb2rodata)
 *(.eb2rodata.*)

.eb3text
 *(.eb3text)
 *(.eb3rodata)
 *(.eb3rodata.*)

.stab
 *(.stab)

.stabstr
 *(.stabstr)

.stab.excl
 *(.stab.excl)

.stab.exclstr
 *(.stab.exclstr)

.stab.index
 *(.stab.index)

.stab.indexstr
 *(.stab.indexstr)

.comment        0x0000000000000000       0x70
 *(.comment)
 .comment       0x0000000000000000       0x38 ./system/src/stm32f7-hal/stm32f7xx_hal.o
                                         0x39 (size before relaxing)
 .comment       0x0000000000000038       0x39 ./system/src/stm32f7-hal/stm32f7xx_hal_cortex.o
 .comment       0x0000000000000038       0x39 ./system/src/stm32f7-hal/stm32f7xx_hal_pwr_ex.o
 .comment       0x0000000000000038       0x39 ./system/src/stm32f7-hal/stm32f7xx_hal_rcc.o
 .comment       0x0000000000000038       0x39 ./system/src/stm32f7-hal/stm32f7xx_hal_rcc_ex.o
 .comment       0x0000000000000038       0x39 ./system/src/newlib/_exit.o
 .comment       0x0000000000000038       0x39 ./system/src/newlib/_sbrk.o
 .comment       0x0000000000000038       0x39 ./system/src/newlib/_startup.o
 .comment       0x0000000000000038       0x39 ./system/src/newlib/_syscalls.o
 .comment       0x0000000000000038       0x39 ./system/src/newlib/assert.o
 .comment       0x0000000000000038       0x39 ./system/src/diag/Trace.o
 .comment       0x0000000000000038       0x39 ./system/src/diag/trace_impl.o
 .comment       0x0000000000000038       0x39 ./system/src/cortexm/_initialize_hardware.o
 .comment       0x0000000000000038       0x39 ./system/src/cortexm/exception_handlers.o
 .comment       0x0000000000000038       0x39 ./system/src/cmsis/system_stm32f7xx.o
 .comment       0x0000000000000038       0x39 ./system/src/cmsis/vectors_stm32f767xx.o
 .comment       0x0000000000000038       0x39 ./src/Timer.o
 .comment       0x0000000000000038       0x39 ./src/_initialize_hardware.o
 .comment       0x0000000000000038       0x39 ./src/main.o
 .comment       0x0000000000000038       0x39 ./src/stm32f7xx_hal_msp.o
 .comment       0x0000000000000038       0x39 ./FreeRTOS-TCP/tcp_src/NetworkInterface.o
 .comment       0x0000000000000038       0x39 ./FreeRTOS-TCP/tcp_src/stm32f7xx_hal_eth.o
 .comment       0x0000000000000038       0x39 ./FreeRTOS-TCP/src/list.o
 .comment       0x0000000000000038       0x39 ./FreeRTOS-TCP/src/port.o
 .comment       0x0000000000000038       0x39 ./FreeRTOS-TCP/src/tasks.o
 .comment       0x0000000000000038       0x38 /usr/lib/gcc/arm-none-eabi/4.9.3/../../../arm-none-eabi/lib/libg_nano.a(lib_a-errno.o)
                                         0x39 (size before relaxing)
 .comment       0x0000000000000070       0x39 /usr/lib/gcc/arm-none-eabi/4.9.3/../../../arm-none-eabi/lib/libg_nano.a(lib_a-impure.o)
 .comment       0x0000000000000070       0x39 /usr/lib/gcc/arm-none-eabi/4.9.3/../../../arm-none-eabi/lib/libg_nano.a(lib_a-memcpy.o)
 .comment       0x0000000000000070       0x39 /usr/lib/gcc/arm-none-eabi/4.9.3/../../../arm-none-eabi/lib/libg_nano.a(lib_a-memmove.o)
 .comment       0x0000000000000070       0x39 /usr/lib/gcc/arm-none-eabi/4.9.3/../../../arm-none-eabi/lib/libg_nano.a(lib_a-strlen.o)
 .comment       0x0000000000000070       0x39 /usr/lib/gcc/arm-none-eabi/4.9.3/../../../arm-none-eabi/lib/libg_nano.a(lib_a-vsnprintf.o)
 .comment       0x0000000000000070       0x39 /usr/lib/gcc/arm-none-eabi/4.9.3/../../../arm-none-eabi/lib/libg_nano.a(lib_a-nano-svfprintf.o)
 .comment       0x0000000000000070       0x39 /usr/lib/gcc/arm-none-eabi/4.9.3/../../../arm-none-eabi/lib/libg_nano.a(lib_a-nano-vfprintf_i.o)
 .comment       0x0000000000000070       0x39 /usr/lib/gcc/arm-none-eabi/4.9.3/../../../arm-none-eabi/lib/libg_nano.a(lib_a-memchr.o)
 .comment       0x0000000000000070       0x39 /usr/lib/gcc/arm-none-eabi/4.9.3/../../../arm-none-eabi/lib/libg_nano.a(lib_a-nano-freer.o)
 .comment       0x0000000000000070       0x39 /usr/lib/gcc/arm-none-eabi/4.9.3/../../../arm-none-eabi/lib/libg_nano.a(lib_a-nano-mallocr.o)
 .comment       0x0000000000000070       0x39 /usr/lib/gcc/arm-none-eabi/4.9.3/../../../arm-none-eabi/lib/libg_nano.a(lib_a-nano-reallocr.o)
 .comment       0x0000000000000070       0x39 /usr/lib/gcc/arm-none-eabi/4.9.3/../../../arm-none-eabi/lib/libg_nano.a(lib_a-sbrkr.o)
 .comment       0x0000000000000070       0x39 /usr/lib/gcc/arm-none-eabi/4.9.3/../../../arm-none-eabi/lib/libg_nano.a(lib_a-nano-msizer.o)

.ARM.attributes
                0x0000000000000000       0x35
 .ARM.attributes
                0x0000000000000000       0x33 ./system/src/stm32f7-hal/stm32f7xx_hal.o
 .ARM.attributes
                0x0000000000000033       0x33 ./system/src/stm32f7-hal/stm32f7xx_hal_cortex.o
 .ARM.attributes
                0x0000000000000066       0x33 ./system/src/stm32f7-hal/stm32f7xx_hal_pwr_ex.o
 .ARM.attributes
                0x0000000000000099       0x33 ./system/src/stm32f7-hal/stm32f7xx_hal_rcc.o
 .ARM.attributes
                0x00000000000000cc       0x33 ./system/src/stm32f7-hal/stm32f7xx_hal_rcc_ex.o
 .ARM.attributes
                0x00000000000000ff       0x33 ./system/src/newlib/_exit.o
 .ARM.attributes
                0x0000000000000132       0x33 ./system/src/newlib/_sbrk.o
 .ARM.attributes
                0x0000000000000165       0x33 ./system/src/newlib/_startup.o
 .ARM.attributes
                0x0000000000000198       0x33 ./system/src/newlib/_syscalls.o
 .ARM.attributes
                0x00000000000001cb       0x33 ./system/src/newlib/assert.o
 .ARM.attributes
                0x00000000000001fe       0x33 ./system/src/diag/Trace.o
 .ARM.attributes
                0x0000000000000231       0x33 ./system/src/diag/trace_impl.o
 .ARM.attributes
                0x0000000000000264       0x33 ./system/src/cortexm/_initialize_hardware.o
 .ARM.attributes
                0x0000000000000297       0x33 ./system/src/cortexm/exception_handlers.o
 .ARM.attributes
                0x00000000000002ca       0x33 ./system/src/cmsis/system_stm32f7xx.o
 .ARM.attributes
                0x00000000000002fd       0x33 ./system/src/cmsis/vectors_stm32f767xx.o
 .ARM.attributes
                0x0000000000000330       0x33 ./src/Timer.o
 .ARM.attributes
                0x0000000000000363       0x33 ./src/_initialize_hardware.o
 .ARM.attributes
                0x0000000000000396       0x33 ./src/main.o
 .ARM.attributes
                0x00000000000003c9       0x33 ./src/stm32f7xx_hal_msp.o
 .ARM.attributes
                0x00000000000003fc       0x33 ./FreeRTOS-TCP/tcp_src/NetworkInterface.o
 .ARM.attributes
                0x000000000000042f       0x33 ./FreeRTOS-TCP/tcp_src/stm32f7xx_hal_eth.o
 .ARM.attributes
                0x0000000000000462       0x33 ./FreeRTOS-TCP/src/list.o
 .ARM.attributes
                0x0000000000000495       0x33 ./FreeRTOS-TCP/src/port.o
 .ARM.attributes
                0x00000000000004c8       0x33 ./FreeRTOS-TCP/src/tasks.o
 .ARM.attributes
                0x00000000000004fb       0x30 /usr/lib/gcc/arm-none-eabi/4.9.3/../../../arm-none-eabi/lib/libg_nano.a(lib_a-errno.o)
 .ARM.attributes
                0x000000000000052b       0x30 /usr/lib/gcc/arm-none-eabi/4.9.3/../../../arm-none-eabi/lib/libg_nano.a(lib_a-impure.o)
 .ARM.attributes
                0x000000000000055b       0x30 /usr/lib/gcc/arm-none-eabi/4.9.3/../../../arm-none-eabi/lib/libg_nano.a(lib_a-memcpy.o)
 .ARM.attributes
                0x000000000000058b       0x30 /usr/lib/gcc/arm-none-eabi/4.9.3/../../../arm-none-eabi/lib/libg_nano.a(lib_a-memmove.o)
 .ARM.attributes
                0x00000000000005bb       0x30 /usr/lib/gcc/arm-none-eabi/4.9.3/../../../arm-none-eabi/lib/libg_nano.a(lib_a-strlen.o)
 .ARM.attributes
                0x00000000000005eb       0x30 /usr/lib/gcc/arm-none-eabi/4.9.3/../../../arm-none-eabi/lib/libg_nano.a(lib_a-vsnprintf.o)
 .ARM.attributes
                0x000000000000061b       0x30 /usr/lib/gcc/arm-none-eabi/4.9.3/../../../arm-none-eabi/lib/libg_nano.a(lib_a-nano-svfprintf.o)
 .ARM.attributes
                0x000000000000064b       0x30 /usr/lib/gcc/arm-none-eabi/4.9.3/../../../arm-none-eabi/lib/libg_nano.a(lib_a-nano-vfprintf_i.o)
 .ARM.attributes
                0x000000000000067b       0x30 /usr/lib/gcc/arm-none-eabi/4.9.3/../../../arm-none-eabi/lib/libg_nano.a(lib_a-memchr.o)
 .ARM.attributes
                0x00000000000006ab       0x30 /usr/lib/gcc/arm-none-eabi/4.9.3/../../../arm-none-eabi/lib/libg_nano.a(lib_a-nano-freer.o)
 .ARM.attributes
                0x00000000000006db       0x30 /usr/lib/gcc/arm-none-eabi/4.9.3/../../../arm-none-eabi/lib/libg_nano.a(lib_a-nano-mallocr.o)
 .ARM.attributes
                0x000000000000070b       0x30 /usr/lib/gcc/arm-none-eabi/4.9.3/../../../arm-none-eabi/lib/libg_nano.a(lib_a-nano-reallocr.o)
 .ARM.attributes
                0x000000000000073b       0x30 /usr/lib/gcc/arm-none-eabi/4.9.3/../../../arm-none-eabi/lib/libg_nano.a(lib_a-sbrkr.o)
 .ARM.attributes
                0x000000000000076b       0x30 /usr/lib/gcc/arm-none-eabi/4.9.3/../../../arm-none-eabi/lib/libg_nano.a(lib_a-nano-msizer.o)
 .ARM.attributes
                0x000000000000079b       0x18 /usr/lib/gcc/arm-none-eabi/4.9.3/libgcc.a(_udivsi3.o)
 .ARM.attributes
                0x00000000000007b3       0x18 /usr/lib/gcc/arm-none-eabi/4.9.3/libgcc.a(_dvmd_tls.o)

.debug
 *(.debug)

.line
 *(.line)

.debug_srcinfo
 *(.debug_srcinfo)

.debug_sfnames
 *(.debug_sfnames)

.debug_aranges  0x0000000000000000      0xbd0
 *(.debug_aranges)
 .debug_aranges
                0x0000000000000000       0xe0 ./system/src/stm32f7-hal/stm32f7xx_hal.o
 .debug_aranges
                0x00000000000000e0       0x98 ./system/src/stm32f7-hal/stm32f7xx_hal_cortex.o
 .debug_aranges
                0x0000000000000178       0x80 ./system/src/stm32f7-hal/stm32f7xx_hal_pwr_ex.o
 .debug_aranges
                0x00000000000001f8       0x88 ./system/src/stm32f7-hal/stm32f7xx_hal_rcc.o
 .debug_aranges
                0x0000000000000280       0x38 ./system/src/stm32f7-hal/stm32f7xx_hal_rcc_ex.o
 .debug_aranges
                0x00000000000002b8       0x28 ./system/src/newlib/_exit.o
 .debug_aranges
                0x00000000000002e0       0x20 ./system/src/newlib/_sbrk.o
 .debug_aranges
                0x0000000000000300       0x40 ./system/src/newlib/_startup.o
 .debug_aranges
                0x0000000000000340       0x30 ./system/src/newlib/_syscalls.o
 .debug_aranges
                0x0000000000000370       0x28 ./system/src/newlib/assert.o
 .debug_aranges
                0x0000000000000398       0x38 ./system/src/diag/Trace.o
 .debug_aranges
                0x00000000000003d0       0x30 ./system/src/diag/trace_impl.o
 .debug_aranges
                0x0000000000000400       0x28 ./system/src/cortexm/_initialize_hardware.o
 .debug_aranges
                0x0000000000000428       0x88 ./system/src/cortexm/exception_handlers.o
 .debug_aranges
                0x00000000000004b0       0x28 ./system/src/cmsis/system_stm32f7xx.o
 .debug_aranges
                0x00000000000004d8       0x20 ./system/src/cmsis/vectors_stm32f767xx.o
 .debug_aranges
                0x00000000000004f8       0x38 ./src/Timer.o
 .debug_aranges
                0x0000000000000530       0x28 ./src/_initialize_hardware.o
 .debug_aranges
                0x0000000000000558       0x30 ./src/main.o
 .debug_aranges
                0x0000000000000588       0x38 ./src/stm32f7xx_hal_msp.o
 .debug_aranges
                0x00000000000005c0       0xa8 ./FreeRTOS-TCP/tcp_src/NetworkInterface.o
 .debug_aranges
                0x0000000000000668      0x128 ./FreeRTOS-TCP/tcp_src/stm32f7xx_hal_eth.o
 .debug_aranges
                0x0000000000000790       0x40 ./FreeRTOS-TCP/src/list.o
 .debug_aranges
                0x00000000000007d0       0x70 ./FreeRTOS-TCP/src/port.o
 .debug_aranges
                0x0000000000000840      0x178 ./FreeRTOS-TCP/src/tasks.o
 .debug_aranges
                0x00000000000009b8       0x20 /usr/lib/gcc/arm-none-eabi/4.9.3/../../../arm-none-eabi/lib/libg_nano.a(lib_a-errno.o)
 .debug_aranges
                0x00000000000009d8       0x18 /usr/lib/gcc/arm-none-eabi/4.9.3/../../../arm-none-eabi/lib/libg_nano.a(lib_a-impure.o)
 .debug_aranges
                0x00000000000009f0       0x20 /usr/lib/gcc/arm-none-eabi/4.9.3/../../../arm-none-eabi/lib/libg_nano.a(lib_a-memcpy.o)
 .debug_aranges
                0x0000000000000a10       0x20 /usr/lib/gcc/arm-none-eabi/4.9.3/../../../arm-none-eabi/lib/libg_nano.a(lib_a-memmove.o)
 .debug_aranges
                0x0000000000000a30       0x20 /usr/lib/gcc/arm-none-eabi/4.9.3/../../../arm-none-eabi/lib/libg_nano.a(lib_a-strlen.o)
 .debug_aranges
                0x0000000000000a50       0x28 /usr/lib/gcc/arm-none-eabi/4.9.3/../../../arm-none-eabi/lib/libg_nano.a(lib_a-vsnprintf.o)
 .debug_aranges
                0x0000000000000a78       0x30 /usr/lib/gcc/arm-none-eabi/4.9.3/../../../arm-none-eabi/lib/libg_nano.a(lib_a-nano-svfprintf.o)
 .debug_aranges
                0x0000000000000aa8       0x28 /usr/lib/gcc/arm-none-eabi/4.9.3/../../../arm-none-eabi/lib/libg_nano.a(lib_a-nano-vfprintf_i.o)
 .debug_aranges
                0x0000000000000ad0       0x20 /usr/lib/gcc/arm-none-eabi/4.9.3/../../../arm-none-eabi/lib/libg_nano.a(lib_a-memchr.o)
 .debug_aranges
                0x0000000000000af0       0x20 /usr/lib/gcc/arm-none-eabi/4.9.3/../../../arm-none-eabi/lib/libg_nano.a(lib_a-nano-freer.o)
 .debug_aranges
                0x0000000000000b10       0x20 /usr/lib/gcc/arm-none-eabi/4.9.3/../../../arm-none-eabi/lib/libg_nano.a(lib_a-nano-mallocr.o)
 .debug_aranges
                0x0000000000000b30       0x20 /usr/lib/gcc/arm-none-eabi/4.9.3/../../../arm-none-eabi/lib/libg_nano.a(lib_a-nano-reallocr.o)
 .debug_aranges
                0x0000000000000b50       0x20 /usr/lib/gcc/arm-none-eabi/4.9.3/../../../arm-none-eabi/lib/libg_nano.a(lib_a-sbrkr.o)
 .debug_aranges
                0x0000000000000b70       0x20 /usr/lib/gcc/arm-none-eabi/4.9.3/../../../arm-none-eabi/lib/libg_nano.a(lib_a-nano-msizer.o)
 .debug_aranges
                0x0000000000000b90       0x20 /usr/lib/gcc/arm-none-eabi/4.9.3/libgcc.a(_udivsi3.o)
 .debug_aranges
                0x0000000000000bb0       0x20 /usr/lib/gcc/arm-none-eabi/4.9.3/libgcc.a(_dvmd_tls.o)

.debug_pubnames
 *(.debug_pubnames)

.debug_info     0x0000000000000000    0x1511a
 *(.debug_info .gnu.linkonce.wi.*)
 .debug_info    0x0000000000000000      0xa1d ./system/src/stm32f7-hal/stm32f7xx_hal.o
 .debug_info    0x0000000000000a1d     0x13a6 ./system/src/stm32f7-hal/stm32f7xx_hal_cortex.o
 .debug_info    0x0000000000001dc3      0xa35 ./system/src/stm32f7-hal/stm32f7xx_hal_pwr_ex.o
 .debug_info    0x00000000000027f8      0xfe7 ./system/src/stm32f7-hal/stm32f7xx_hal_rcc.o
 .debug_info    0x00000000000037df     0x1a16 ./system/src/stm32f7-hal/stm32f7xx_hal_rcc_ex.o
 .debug_info    0x00000000000051f5      0x100 ./system/src/newlib/_exit.o
 .debug_info    0x00000000000052f5      0x125 ./system/src/newlib/_sbrk.o
 .debug_info    0x000000000000541a      0x512 ./system/src/newlib/_startup.o
 .debug_info    0x000000000000592c      0x1bc ./system/src/newlib/_syscalls.o
 .debug_info    0x0000000000005ae8      0x1b0 ./system/src/newlib/assert.o
 .debug_info    0x0000000000005c98      0x32b ./system/src/diag/Trace.o
 .debug_info    0x0000000000005fc3      0x3dd ./system/src/diag/trace_impl.o
 .debug_info    0x00000000000063a0      0x47f ./system/src/cortexm/_initialize_hardware.o
 .debug_info    0x000000000000681f      0x98d ./system/src/cortexm/exception_handlers.o
 .debug_info    0x00000000000071ac      0x6c4 ./system/src/cmsis/system_stm32f7xx.o
 .debug_info    0x0000000000007870       0xd4 ./system/src/cmsis/vectors_stm32f767xx.o
 .debug_info    0x0000000000007944      0x9c6 ./src/Timer.o
 .debug_info    0x000000000000830a      0xa23 ./src/_initialize_hardware.o
 .debug_info    0x0000000000008d2d      0x425 ./src/main.o
 .debug_info    0x0000000000009152       0xe5 ./src/stm32f7xx_hal_msp.o
 .debug_info    0x0000000000009237     0x1dec ./FreeRTOS-TCP/tcp_src/NetworkInterface.o
 .debug_info    0x000000000000b023     0x1f6f ./FreeRTOS-TCP/tcp_src/stm32f7xx_hal_eth.o
 .debug_info    0x000000000000cf92      0x29f ./FreeRTOS-TCP/src/list.o
 .debug_info    0x000000000000d231      0x320 ./FreeRTOS-TCP/src/port.o
 .debug_info    0x000000000000d551     0x1c83 ./FreeRTOS-TCP/src/tasks.o
 .debug_info    0x000000000000f1d4      0x735 /usr/lib/gcc/arm-none-eabi/4.9.3/../../../arm-none-eabi/lib/libg_nano.a(lib_a-errno.o)
 .debug_info    0x000000000000f909      0x7d3 /usr/lib/gcc/arm-none-eabi/4.9.3/../../../arm-none-eabi/lib/libg_nano.a(lib_a-impure.o)
 .debug_info    0x00000000000100dc      0x104 /usr/lib/gcc/arm-none-eabi/4.9.3/../../../arm-none-eabi/lib/libg_nano.a(lib_a-memcpy.o)
 .debug_info    0x00000000000101e0      0x102 /usr/lib/gcc/arm-none-eabi/4.9.3/../../../arm-none-eabi/lib/libg_nano.a(lib_a-memmove.o)
 .debug_info    0x00000000000102e2       0xcd /usr/lib/gcc/arm-none-eabi/4.9.3/../../../arm-none-eabi/lib/libg_nano.a(lib_a-strlen.o)
 .debug_info    0x00000000000103af      0x89d /usr/lib/gcc/arm-none-eabi/4.9.3/../../../arm-none-eabi/lib/libg_nano.a(lib_a-vsnprintf.o)
 .debug_info    0x0000000000010c4c      0xdf7 /usr/lib/gcc/arm-none-eabi/4.9.3/../../../arm-none-eabi/lib/libg_nano.a(lib_a-nano-svfprintf.o)
 .debug_info    0x0000000000011a43      0xb56 /usr/lib/gcc/arm-none-eabi/4.9.3/../../../arm-none-eabi/lib/libg_nano.a(lib_a-nano-vfprintf_i.o)
 .debug_info    0x0000000000012599       0xf8 /usr/lib/gcc/arm-none-eabi/4.9.3/../../../arm-none-eabi/lib/libg_nano.a(lib_a-memchr.o)
 .debug_info    0x0000000000012691      0x81a /usr/lib/gcc/arm-none-eabi/4.9.3/../../../arm-none-eabi/lib/libg_nano.a(lib_a-nano-freer.o)
 .debug_info    0x0000000000012eab      0x8fb /usr/lib/gcc/arm-none-eabi/4.9.3/../../../arm-none-eabi/lib/libg_nano.a(lib_a-nano-mallocr.o)
 .debug_info    0x00000000000137a6      0x8bf /usr/lib/gcc/arm-none-eabi/4.9.3/../../../arm-none-eabi/lib/libg_nano.a(lib_a-nano-reallocr.o)
 .debug_info    0x0000000000014065      0x7a0 /usr/lib/gcc/arm-none-eabi/4.9.3/../../../arm-none-eabi/lib/libg_nano.a(lib_a-sbrkr.o)
 .debug_info    0x0000000000014805      0x7b9 /usr/lib/gcc/arm-none-eabi/4.9.3/../../../arm-none-eabi/lib/libg_nano.a(lib_a-nano-msizer.o)
 .debug_info    0x0000000000014fbe       0xae /usr/lib/gcc/arm-none-eabi/4.9.3/libgcc.a(_udivsi3.o)
 .debug_info    0x000000000001506c       0xae /usr/lib/gcc/arm-none-eabi/4.9.3/libgcc.a(_dvmd_tls.o)

.debug_abbrev   0x0000000000000000     0x3fa2
 *(.debug_abbrev)
 .debug_abbrev  0x0000000000000000      0x1f7 ./system/src/stm32f7-hal/stm32f7xx_hal.o
 .debug_abbrev  0x00000000000001f7      0x2fc ./system/src/stm32f7-hal/stm32f7xx_hal_cortex.o
 .debug_abbrev  0x00000000000004f3      0x21d ./system/src/stm32f7-hal/stm32f7xx_hal_pwr_ex.o
 .debug_abbrev  0x0000000000000710      0x2d3 ./system/src/stm32f7-hal/stm32f7xx_hal_rcc.o
 .debug_abbrev  0x00000000000009e3      0x289 ./system/src/stm32f7-hal/stm32f7xx_hal_rcc_ex.o
 .debug_abbrev  0x0000000000000c6c       0xa4 ./system/src/newlib/_exit.o
 .debug_abbrev  0x0000000000000d10       0xbb ./system/src/newlib/_sbrk.o
 .debug_abbrev  0x0000000000000dcb      0x1f3 ./system/src/newlib/_startup.o
 .debug_abbrev  0x0000000000000fbe       0xee ./system/src/newlib/_syscalls.o
 .debug_abbrev  0x00000000000010ac       0xc9 ./system/src/newlib/assert.o
 .debug_abbrev  0x0000000000001175      0x178 ./system/src/diag/Trace.o
 .debug_abbrev  0x00000000000012ed      0x188 ./system/src/diag/trace_impl.o
 .debug_abbrev  0x0000000000001475       0xf9 ./system/src/cortexm/_initialize_hardware.o
 .debug_abbrev  0x000000000000156e      0x1e5 ./system/src/cortexm/exception_handlers.o
 .debug_abbrev  0x0000000000001753      0x120 ./system/src/cmsis/system_stm32f7xx.o
 .debug_abbrev  0x0000000000001873       0x9d ./system/src/cmsis/vectors_stm32f767xx.o
 .debug_abbrev  0x0000000000001910      0x1c4 ./src/Timer.o
 .debug_abbrev  0x0000000000001ad4      0x231 ./src/_initialize_hardware.o
 .debug_abbrev  0x0000000000001d05      0x1bf ./src/main.o
 .debug_abbrev  0x0000000000001ec4       0x6a ./src/stm32f7xx_hal_msp.o
 .debug_abbrev  0x0000000000001f2e      0x37c ./FreeRTOS-TCP/tcp_src/NetworkInterface.o
 .debug_abbrev  0x00000000000022aa      0x2e7 ./FreeRTOS-TCP/tcp_src/stm32f7xx_hal_eth.o
 .debug_abbrev  0x0000000000002591       0xe6 ./FreeRTOS-TCP/src/list.o
 .debug_abbrev  0x0000000000002677      0x1e9 ./FreeRTOS-TCP/src/port.o
 .debug_abbrev  0x0000000000002860      0x33b ./FreeRTOS-TCP/src/tasks.o
 .debug_abbrev  0x0000000000002b9b      0x134 /usr/lib/gcc/arm-none-eabi/4.9.3/../../../arm-none-eabi/lib/libg_nano.a(lib_a-errno.o)
 .debug_abbrev  0x0000000000002ccf      0x136 /usr/lib/gcc/arm-none-eabi/4.9.3/../../../arm-none-eabi/lib/libg_nano.a(lib_a-impure.o)
 .debug_abbrev  0x0000000000002e05       0xa4 /usr/lib/gcc/arm-none-eabi/4.9.3/../../../arm-none-eabi/lib/libg_nano.a(lib_a-memcpy.o)
 .debug_abbrev  0x0000000000002ea9       0x9c /usr/lib/gcc/arm-none-eabi/4.9.3/../../../arm-none-eabi/lib/libg_nano.a(lib_a-memmove.o)
 .debug_abbrev  0x0000000000002f45       0x8c /usr/lib/gcc/arm-none-eabi/4.9.3/../../../arm-none-eabi/lib/libg_nano.a(lib_a-strlen.o)
 .debug_abbrev  0x0000000000002fd1      0x1ab /usr/lib/gcc/arm-none-eabi/4.9.3/../../../arm-none-eabi/lib/libg_nano.a(lib_a-vsnprintf.o)
 .debug_abbrev  0x000000000000317c      0x269 /usr/lib/gcc/arm-none-eabi/4.9.3/../../../arm-none-eabi/lib/libg_nano.a(lib_a-nano-svfprintf.o)
 .debug_abbrev  0x00000000000033e5      0x226 /usr/lib/gcc/arm-none-eabi/4.9.3/../../../arm-none-eabi/lib/libg_nano.a(lib_a-nano-vfprintf_i.o)
 .debug_abbrev  0x000000000000360b       0xab /usr/lib/gcc/arm-none-eabi/4.9.3/../../../arm-none-eabi/lib/libg_nano.a(lib_a-memchr.o)
 .debug_abbrev  0x00000000000036b6      0x1b6 /usr/lib/gcc/arm-none-eabi/4.9.3/../../../arm-none-eabi/lib/libg_nano.a(lib_a-nano-freer.o)
 .debug_abbrev  0x000000000000386c      0x250 /usr/lib/gcc/arm-none-eabi/4.9.3/../../../arm-none-eabi/lib/libg_nano.a(lib_a-nano-mallocr.o)
 .debug_abbrev  0x0000000000003abc      0x1bb /usr/lib/gcc/arm-none-eabi/4.9.3/../../../arm-none-eabi/lib/libg_nano.a(lib_a-nano-reallocr.o)
 .debug_abbrev  0x0000000000003c77      0x1a2 /usr/lib/gcc/arm-none-eabi/4.9.3/../../../arm-none-eabi/lib/libg_nano.a(lib_a-sbrkr.o)
 .debug_abbrev  0x0000000000003e19      0x161 /usr/lib/gcc/arm-none-eabi/4.9.3/../../../arm-none-eabi/lib/libg_nano.a(lib_a-nano-msizer.o)
 .debug_abbrev  0x0000000000003f7a       0x14 /usr/lib/gcc/arm-none-eabi/4.9.3/libgcc.a(_udivsi3.o)
 .debug_abbrev  0x0000000000003f8e       0x14 /usr/lib/gcc/arm-none-eabi/4.9.3/libgcc.a(_dvmd_tls.o)

.debug_line     0x0000000000000000     0xdca4
 *(.debug_line)
 .debug_line    0x0000000000000000      0xac4 ./system/src/stm32f7-hal/stm32f7xx_hal.o
 .debug_line    0x0000000000000ac4      0xb6f ./system/src/stm32f7-hal/stm32f7xx_hal_cortex.o
 .debug_line    0x0000000000001633      0xa82 ./system/src/stm32f7-hal/stm32f7xx_hal_pwr_ex.o
 .debug_line    0x00000000000020b5      0xd3f ./system/src/stm32f7-hal/stm32f7xx_hal_rcc.o
 .debug_line    0x0000000000002df4     0x10f6 ./system/src/stm32f7-hal/stm32f7xx_hal_rcc_ex.o
 .debug_line    0x0000000000003eea      0x1ea ./system/src/newlib/_exit.o
 .debug_line    0x00000000000040d4      0x197 ./system/src/newlib/_sbrk.o
 .debug_line    0x000000000000426b      0x267 ./system/src/newlib/_startup.o
 .debug_line    0x00000000000044d2      0x276 ./system/src/newlib/_syscalls.o
 .debug_line    0x0000000000004748      0x221 ./system/src/newlib/assert.o
 .debug_line    0x0000000000004969      0x247 ./system/src/diag/Trace.o
 .debug_line    0x0000000000004bb0      0x98b ./system/src/diag/trace_impl.o
 .debug_line    0x000000000000553b      0x926 ./system/src/cortexm/_initialize_hardware.o
 .debug_line    0x0000000000005e61      0xa43 ./system/src/cortexm/exception_handlers.o
 .debug_line    0x00000000000068a4      0x924 ./system/src/cmsis/system_stm32f7xx.o
 .debug_line    0x00000000000071c8       0xd6 ./system/src/cmsis/vectors_stm32f767xx.o
 .debug_line    0x000000000000729e      0x97c ./src/Timer.o
 .debug_line    0x0000000000007c1a      0x982 ./src/_initialize_hardware.o
 .debug_line    0x000000000000859c      0xaa7 ./src/main.o
 .debug_line    0x0000000000009043      0x933 ./src/stm32f7xx_hal_msp.o
 .debug_line    0x0000000000009976      0xec2 ./FreeRTOS-TCP/tcp_src/NetworkInterface.o
 .debug_line    0x000000000000a838     0x113f ./FreeRTOS-TCP/tcp_src/stm32f7xx_hal_eth.o
 .debug_line    0x000000000000b977      0x2cb ./FreeRTOS-TCP/src/list.o
 .debug_line    0x000000000000bc42      0x26d ./FreeRTOS-TCP/src/port.o
 .debug_line    0x000000000000beaf      0x93e ./FreeRTOS-TCP/src/tasks.o
 .debug_line    0x000000000000c7ed      0x108 /usr/lib/gcc/arm-none-eabi/4.9.3/../../../arm-none-eabi/lib/libg_nano.a(lib_a-errno.o)
 .debug_line    0x000000000000c8f5       0xee /usr/lib/gcc/arm-none-eabi/4.9.3/../../../arm-none-eabi/lib/libg_nano.a(lib_a-impure.o)
 .debug_line    0x000000000000c9e3       0xea /usr/lib/gcc/arm-none-eabi/4.9.3/../../../arm-none-eabi/lib/libg_nano.a(lib_a-memcpy.o)
 .debug_line    0x000000000000cacd       0xff /usr/lib/gcc/arm-none-eabi/4.9.3/../../../arm-none-eabi/lib/libg_nano.a(lib_a-memmove.o)
 .debug_line    0x000000000000cbcc       0xf2 /usr/lib/gcc/arm-none-eabi/4.9.3/../../../arm-none-eabi/lib/libg_nano.a(lib_a-strlen.o)
 .debug_line    0x000000000000ccbe      0x1a6 /usr/lib/gcc/arm-none-eabi/4.9.3/../../../arm-none-eabi/lib/libg_nano.a(lib_a-vsnprintf.o)
 .debug_line    0x000000000000ce64      0x2c8 /usr/lib/gcc/arm-none-eabi/4.9.3/../../../arm-none-eabi/lib/libg_nano.a(lib_a-nano-svfprintf.o)
 .debug_line    0x000000000000d12c      0x302 /usr/lib/gcc/arm-none-eabi/4.9.3/../../../arm-none-eabi/lib/libg_nano.a(lib_a-nano-vfprintf_i.o)
 .debug_line    0x000000000000d42e       0xed /usr/lib/gcc/arm-none-eabi/4.9.3/../../../arm-none-eabi/lib/libg_nano.a(lib_a-memchr.o)
 .debug_line    0x000000000000d51b      0x144 /usr/lib/gcc/arm-none-eabi/4.9.3/../../../arm-none-eabi/lib/libg_nano.a(lib_a-nano-freer.o)
 .debug_line    0x000000000000d65f      0x197 /usr/lib/gcc/arm-none-eabi/4.9.3/../../../arm-none-eabi/lib/libg_nano.a(lib_a-nano-mallocr.o)
 .debug_line    0x000000000000d7f6      0x16e /usr/lib/gcc/arm-none-eabi/4.9.3/../../../arm-none-eabi/lib/libg_nano.a(lib_a-nano-reallocr.o)
 .debug_line    0x000000000000d964      0x163 /usr/lib/gcc/arm-none-eabi/4.9.3/../../../arm-none-eabi/lib/libg_nano.a(lib_a-sbrkr.o)
 .debug_line    0x000000000000dac7      0x10a /usr/lib/gcc/arm-none-eabi/4.9.3/../../../arm-none-eabi/lib/libg_nano.a(lib_a-nano-msizer.o)
 .debug_line    0x000000000000dbd1       0x78 /usr/lib/gcc/arm-none-eabi/4.9.3/libgcc.a(_udivsi3.o)
 .debug_line    0x000000000000dc49       0x5b /usr/lib/gcc/arm-none-eabi/4.9.3/libgcc.a(_dvmd_tls.o)

.debug_frame    0x0000000000000000     0x1a24
 *(.debug_frame)
 .debug_frame   0x0000000000000000      0x1c8 ./system/src/stm32f7-hal/stm32f7xx_hal.o
 .debug_frame   0x00000000000001c8      0x17c ./system/src/stm32f7-hal/stm32f7xx_hal_cortex.o
 .debug_frame   0x0000000000000344      0x134 ./system/src/stm32f7-hal/stm32f7xx_hal_pwr_ex.o
 .debug_frame   0x0000000000000478      0x13c ./system/src/stm32f7-hal/stm32f7xx_hal_rcc.o
 .debug_frame   0x00000000000005b4       0xa0 ./system/src/stm32f7-hal/stm32f7xx_hal_rcc_ex.o
 .debug_frame   0x0000000000000654       0x38 ./system/src/newlib/_exit.o
 .debug_frame   0x000000000000068c       0x28 ./system/src/newlib/_sbrk.o
 .debug_frame   0x00000000000006b4       0x7c ./system/src/newlib/_startup.o
 .debug_frame   0x0000000000000730       0x50 ./system/src/newlib/_syscalls.o
 .debug_frame   0x0000000000000780       0x40 ./system/src/newlib/assert.o
 .debug_frame   0x00000000000007c0       0x94 ./system/src/diag/Trace.o
 .debug_frame   0x0000000000000854       0x54 ./system/src/diag/trace_impl.o
 .debug_frame   0x00000000000008a8       0x40 ./system/src/cortexm/_initialize_hardware.o
 .debug_frame   0x00000000000008e8      0x144 ./system/src/cortexm/exception_handlers.o
 .debug_frame   0x0000000000000a2c       0x30 ./system/src/cmsis/system_stm32f7xx.o
 .debug_frame   0x0000000000000a5c       0x20 ./system/src/cmsis/vectors_stm32f767xx.o
 .debug_frame   0x0000000000000a7c       0x58 ./src/Timer.o
 .debug_frame   0x0000000000000ad4       0x48 ./src/_initialize_hardware.o
 .debug_frame   0x0000000000000b1c       0x48 ./src/main.o
 .debug_frame   0x0000000000000b64       0x50 ./src/stm32f7xx_hal_msp.o
 .debug_frame   0x0000000000000bb4      0x1e0 ./FreeRTOS-TCP/tcp_src/NetworkInterface.o
 .debug_frame   0x0000000000000d94      0x3b4 ./FreeRTOS-TCP/tcp_src/stm32f7xx_hal_eth.o
 .debug_frame   0x0000000000001148       0x6c ./FreeRTOS-TCP/src/list.o
 .debug_frame   0x00000000000011b4       0xd8 ./FreeRTOS-TCP/src/port.o
 .debug_frame   0x000000000000128c      0x46c ./FreeRTOS-TCP/src/tasks.o
 .debug_frame   0x00000000000016f8       0x20 /usr/lib/gcc/arm-none-eabi/4.9.3/../../../arm-none-eabi/lib/libg_nano.a(lib_a-errno.o)
 .debug_frame   0x0000000000001718       0x20 /usr/lib/gcc/arm-none-eabi/4.9.3/../../../arm-none-eabi/lib/libg_nano.a(lib_a-memcpy.o)
 .debug_frame   0x0000000000001738       0x20 /usr/lib/gcc/arm-none-eabi/4.9.3/../../../arm-none-eabi/lib/libg_nano.a(lib_a-memmove.o)
 .debug_frame   0x0000000000001758       0x20 /usr/lib/gcc/arm-none-eabi/4.9.3/../../../arm-none-eabi/lib/libg_nano.a(lib_a-strlen.o)
 .debug_frame   0x0000000000001778       0x58 /usr/lib/gcc/arm-none-eabi/4.9.3/../../../arm-none-eabi/lib/libg_nano.a(lib_a-vsnprintf.o)
 .debug_frame   0x00000000000017d0       0xac /usr/lib/gcc/arm-none-eabi/4.9.3/../../../arm-none-eabi/lib/libg_nano.a(lib_a-nano-svfprintf.o)
 .debug_frame   0x000000000000187c       0x7c /usr/lib/gcc/arm-none-eabi/4.9.3/../../../arm-none-eabi/lib/libg_nano.a(lib_a-nano-vfprintf_i.o)
 .debug_frame   0x00000000000018f8       0x20 /usr/lib/gcc/arm-none-eabi/4.9.3/../../../arm-none-eabi/lib/libg_nano.a(lib_a-memchr.o)
 .debug_frame   0x0000000000001918       0x2c /usr/lib/gcc/arm-none-eabi/4.9.3/../../../arm-none-eabi/lib/libg_nano.a(lib_a-nano-freer.o)
 .debug_frame   0x0000000000001944       0x34 /usr/lib/gcc/arm-none-eabi/4.9.3/../../../arm-none-eabi/lib/libg_nano.a(lib_a-nano-mallocr.o)
 .debug_frame   0x0000000000001978       0x38 /usr/lib/gcc/arm-none-eabi/4.9.3/../../../arm-none-eabi/lib/libg_nano.a(lib_a-nano-reallocr.o)
 .debug_frame   0x00000000000019b0       0x34 /usr/lib/gcc/arm-none-eabi/4.9.3/../../../arm-none-eabi/lib/libg_nano.a(lib_a-sbrkr.o)
 .debug_frame   0x00000000000019e4       0x20 /usr/lib/gcc/arm-none-eabi/4.9.3/../../../arm-none-eabi/lib/libg_nano.a(lib_a-nano-msizer.o)
 .debug_frame   0x0000000000001a04       0x20 /usr/lib/gcc/arm-none-eabi/4.9.3/libgcc.a(_udivsi3.o)

.debug_str      0x0000000000000000    0xd4c58
 *(.debug_str)
 .debug_str     0x0000000000000000    0xc5120 ./system/src/stm32f7-hal/stm32f7xx_hal.o
                                      0xc54ff (size before relaxing)
 .debug_str     0x00000000000c5120      0x43e ./system/src/stm32f7-hal/stm32f7xx_hal_cortex.o
                                      0xc5536 (size before relaxing)
 .debug_str     0x00000000000c555e      0x1f0 ./system/src/stm32f7-hal/stm32f7xx_hal_pwr_ex.o
                                      0xc4e0f (size before relaxing)
 .debug_str     0x00000000000c574e      0x3ce ./system/src/stm32f7-hal/stm32f7xx_hal_rcc.o
                                      0xc4ec3 (size before relaxing)
 .debug_str     0x00000000000c5b1c      0x383 ./system/src/stm32f7-hal/stm32f7xx_hal_rcc_ex.o
                                      0xc4ef9 (size before relaxing)
 .debug_str     0x00000000000c5e9f     0x1090 ./system/src/newlib/_exit.o
                                       0x5fda (size before relaxing)
 .debug_str     0x00000000000c6f2f      0x35e ./system/src/newlib/_sbrk.o
                                       0x53eb (size before relaxing)
 .debug_str     0x00000000000c728d      0x2c6 ./system/src/newlib/_startup.o
                                       0x501d (size before relaxing)
 .debug_str     0x00000000000c7553     0x111f ./system/src/newlib/_syscalls.o
                                       0x6559 (size before relaxing)
 .debug_str     0x00000000000c8672       0xd0 ./system/src/newlib/assert.o
                                       0x6ae3 (size before relaxing)
 .debug_str     0x00000000000c8742      0x184 ./system/src/diag/Trace.o
                                       0x68fb (size before relaxing)
 .debug_str     0x00000000000c88c6       0xd7 ./system/src/diag/trace_impl.o
                                      0xc47d8 (size before relaxing)
 .debug_str     0x00000000000c899d       0x5e ./system/src/cortexm/_initialize_hardware.o
                                      0xc391c (size before relaxing)
 .debug_str     0x00000000000c89fb      0x1ca ./system/src/cortexm/exception_handlers.o
                                      0xc4a06 (size before relaxing)
 .debug_str     0x00000000000c8bc5       0x46 ./system/src/cmsis/system_stm32f7xx.o
                                      0xc3a08 (size before relaxing)
 .debug_str     0x00000000000c8c0b       0x59 ./system/src/cmsis/vectors_stm32f767xx.o
                                       0x303b (size before relaxing)
 .debug_str     0x00000000000c8c64       0x76 ./src/Timer.o
                                      0xc4044 (size before relaxing)
 .debug_str     0x00000000000c8cda       0x6a ./src/_initialize_hardware.o
                                      0xc4d8f (size before relaxing)
 .debug_str     0x00000000000c8d44     0x3cec ./src/main.o
                                      0xc96af (size before relaxing)
 .debug_str     0x00000000000cca30       0x3d ./src/stm32f7xx_hal_msp.o
                                      0xc4904 (size before relaxing)
 .debug_str     0x00000000000cca6d     0x5800 ./FreeRTOS-TCP/tcp_src/NetworkInterface.o
                                      0xcdde4 (size before relaxing)
 .debug_str     0x00000000000d226d      0x654 ./FreeRTOS-TCP/tcp_src/stm32f7xx_hal_eth.o
                                      0xc586f (size before relaxing)
 .debug_str     0x00000000000d28c1       0xf5 ./FreeRTOS-TCP/src/list.o
                                       0x8bfc (size before relaxing)
 .debug_str     0x00000000000d29b6      0x67b ./FreeRTOS-TCP/src/port.o
                                       0x73bb (size before relaxing)
 .debug_str     0x00000000000d3031     0x113e ./FreeRTOS-TCP/src/tasks.o
                                       0xac29 (size before relaxing)
 .debug_str     0x00000000000d416f      0x3f1 /usr/lib/gcc/arm-none-eabi/4.9.3/../../../arm-none-eabi/lib/libg_nano.a(lib_a-errno.o)
                                        0x4ea (size before relaxing)
 .debug_str     0x00000000000d4560       0xd6 /usr/lib/gcc/arm-none-eabi/4.9.3/../../../arm-none-eabi/lib/libg_nano.a(lib_a-impure.o)
                                        0x541 (size before relaxing)
 .debug_str     0x00000000000d4636       0xa1 /usr/lib/gcc/arm-none-eabi/4.9.3/../../../arm-none-eabi/lib/libg_nano.a(lib_a-memcpy.o)
                                        0x1ad (size before relaxing)
 .debug_str     0x00000000000d46d7       0x46 /usr/lib/gcc/arm-none-eabi/4.9.3/../../../arm-none-eabi/lib/libg_nano.a(lib_a-memmove.o)
                                        0x1b4 (size before relaxing)
 .debug_str     0x00000000000d471d       0xa2 /usr/lib/gcc/arm-none-eabi/4.9.3/../../../arm-none-eabi/lib/libg_nano.a(lib_a-strlen.o)
                                        0x1ae (size before relaxing)
 .debug_str     0x00000000000d47bf       0xa8 /usr/lib/gcc/arm-none-eabi/4.9.3/../../../arm-none-eabi/lib/libg_nano.a(lib_a-vsnprintf.o)
                                        0x541 (size before relaxing)
 .debug_str     0x00000000000d4867      0x1ab /usr/lib/gcc/arm-none-eabi/4.9.3/../../../arm-none-eabi/lib/libg_nano.a(lib_a-nano-svfprintf.o)
                                        0x673 (size before relaxing)
 .debug_str     0x00000000000d4a12       0x8b /usr/lib/gcc/arm-none-eabi/4.9.3/../../../arm-none-eabi/lib/libg_nano.a(lib_a-nano-vfprintf_i.o)
                                        0x612 (size before relaxing)
 .debug_str     0x00000000000d4a9d       0x2b /usr/lib/gcc/arm-none-eabi/4.9.3/../../../arm-none-eabi/lib/libg_nano.a(lib_a-memchr.o)
                                        0x1a9 (size before relaxing)
 .debug_str     0x00000000000d4ac8       0xef /usr/lib/gcc/arm-none-eabi/4.9.3/../../../arm-none-eabi/lib/libg_nano.a(lib_a-nano-freer.o)
                                        0x55a (size before relaxing)
 .debug_str     0x00000000000d4bb7       0x46 /usr/lib/gcc/arm-none-eabi/4.9.3/../../../arm-none-eabi/lib/libg_nano.a(lib_a-nano-mallocr.o)
                                        0x58f (size before relaxing)
 .debug_str     0x00000000000d4bfd       0x23 /usr/lib/gcc/arm-none-eabi/4.9.3/../../../arm-none-eabi/lib/libg_nano.a(lib_a-nano-reallocr.o)
                                        0x562 (size before relaxing)
 .debug_str     0x00000000000d4c20       0x29 /usr/lib/gcc/arm-none-eabi/4.9.3/../../../arm-none-eabi/lib/libg_nano.a(lib_a-sbrkr.o)
                                        0x4f9 (size before relaxing)
 .debug_str     0x00000000000d4c49        0xf /usr/lib/gcc/arm-none-eabi/4.9.3/../../../arm-none-eabi/lib/libg_nano.a(lib_a-nano-msizer.o)
                                        0x540 (size before relaxing)

.debug_loc      0x0000000000000000     0x64b6
 *(.debug_loc)
 .debug_loc     0x0000000000000000       0x6a ./system/src/stm32f7-hal/stm32f7xx_hal.o
 .debug_loc     0x000000000000006a      0x636 ./system/src/stm32f7-hal/stm32f7xx_hal_cortex.o
 .debug_loc     0x00000000000006a0      0x257 ./system/src/stm32f7-hal/stm32f7xx_hal_pwr_ex.o
 .debug_loc     0x00000000000008f7      0x606 ./system/src/stm32f7-hal/stm32f7xx_hal_rcc.o
 .debug_loc     0x0000000000000efd      0xf0f ./system/src/stm32f7-hal/stm32f7xx_hal_rcc_ex.o
 .debug_loc     0x0000000000001e0c       0x82 ./system/src/newlib/_sbrk.o
 .debug_loc     0x0000000000001e8e      0x36e ./system/src/newlib/_startup.o
 .debug_loc     0x00000000000021fc       0x63 ./system/src/newlib/_syscalls.o
 .debug_loc     0x000000000000225f       0xec ./system/src/newlib/assert.o
 .debug_loc     0x000000000000234b       0xf7 ./system/src/diag/Trace.o
 .debug_loc     0x0000000000002442       0x97 ./system/src/diag/trace_impl.o
 .debug_loc     0x00000000000024d9      0x184 ./system/src/cortexm/exception_handlers.o
 .debug_loc     0x000000000000265d      0x137 ./system/src/cmsis/system_stm32f7xx.o
 .debug_loc     0x0000000000002794       0x59 ./src/Timer.o
 .debug_loc     0x00000000000027ed       0xa2 ./src/_initialize_hardware.o
 .debug_loc     0x000000000000288f       0x78 ./src/main.o
 .debug_loc     0x0000000000002907      0x62e ./FreeRTOS-TCP/tcp_src/NetworkInterface.o
 .debug_loc     0x0000000000002f35      0xf43 ./FreeRTOS-TCP/tcp_src/stm32f7xx_hal_eth.o
 .debug_loc     0x0000000000003e78       0x65 ./FreeRTOS-TCP/src/list.o
 .debug_loc     0x0000000000003edd       0x94 ./FreeRTOS-TCP/src/port.o
 .debug_loc     0x0000000000003f71     0x110e ./FreeRTOS-TCP/src/tasks.o
 .debug_loc     0x000000000000507f       0x87 /usr/lib/gcc/arm-none-eabi/4.9.3/../../../arm-none-eabi/lib/libg_nano.a(lib_a-memcpy.o)
 .debug_loc     0x0000000000005106      0x11c /usr/lib/gcc/arm-none-eabi/4.9.3/../../../arm-none-eabi/lib/libg_nano.a(lib_a-memmove.o)
 .debug_loc     0x0000000000005222       0x21 /usr/lib/gcc/arm-none-eabi/4.9.3/../../../arm-none-eabi/lib/libg_nano.a(lib_a-strlen.o)
 .debug_loc     0x0000000000005243      0x190 /usr/lib/gcc/arm-none-eabi/4.9.3/../../../arm-none-eabi/lib/libg_nano.a(lib_a-vsnprintf.o)
 .debug_loc     0x00000000000053d3      0x5df /usr/lib/gcc/arm-none-eabi/4.9.3/../../../arm-none-eabi/lib/libg_nano.a(lib_a-nano-svfprintf.o)
 .debug_loc     0x00000000000059b2      0x464 /usr/lib/gcc/arm-none-eabi/4.9.3/../../../arm-none-eabi/lib/libg_nano.a(lib_a-nano-vfprintf_i.o)
 .debug_loc     0x0000000000005e16       0xaa /usr/lib/gcc/arm-none-eabi/4.9.3/../../../arm-none-eabi/lib/libg_nano.a(lib_a-memchr.o)
 .debug_loc     0x0000000000005ec0      0x167 /usr/lib/gcc/arm-none-eabi/4.9.3/../../../arm-none-eabi/lib/libg_nano.a(lib_a-nano-freer.o)
 .debug_loc     0x0000000000006027      0x261 /usr/lib/gcc/arm-none-eabi/4.9.3/../../../arm-none-eabi/lib/libg_nano.a(lib_a-nano-mallocr.o)
 .debug_loc     0x0000000000006288      0x12c /usr/lib/gcc/arm-none-eabi/4.9.3/../../../arm-none-eabi/lib/libg_nano.a(lib_a-nano-reallocr.o)
 .debug_loc     0x00000000000063b4       0x4d /usr/lib/gcc/arm-none-eabi/4.9.3/../../../arm-none-eabi/lib/libg_nano.a(lib_a-sbrkr.o)
 .debug_loc     0x0000000000006401       0xb5 /usr/lib/gcc/arm-none-eabi/4.9.3/../../../arm-none-eabi/lib/libg_nano.a(lib_a-nano-msizer.o)

.debug_macinfo
 *(.debug_macinfo)

.debug_weaknames
 *(.debug_weaknames)

.debug_funcnames
 *(.debug_funcnames)

.debug_typenames
 *(.debug_typenames)

.debug_varnames
 *(.debug_varnames)
OUTPUT(FreeRTOS-TCP-STM32F7.elf elf32-littlearm)

.debug_ranges   0x0000000000000000      0xa08
 .debug_ranges  0x0000000000000000       0xd0 ./system/src/stm32f7-hal/stm32f7xx_hal.o
 .debug_ranges  0x00000000000000d0       0x88 ./system/src/stm32f7-hal/stm32f7xx_hal_cortex.o
 .debug_ranges  0x0000000000000158       0x70 ./system/src/stm32f7-hal/stm32f7xx_hal_pwr_ex.o
 .debug_ranges  0x00000000000001c8       0x78 ./system/src/stm32f7-hal/stm32f7xx_hal_rcc.o
 .debug_ranges  0x0000000000000240       0x28 ./system/src/stm32f7-hal/stm32f7xx_hal_rcc_ex.o
 .debug_ranges  0x0000000000000268       0x18 ./system/src/newlib/_exit.o
 .debug_ranges  0x0000000000000280       0x10 ./system/src/newlib/_sbrk.o
 .debug_ranges  0x0000000000000290       0x30 ./system/src/newlib/_startup.o
 .debug_ranges  0x00000000000002c0       0x20 ./system/src/newlib/_syscalls.o
 .debug_ranges  0x00000000000002e0       0x18 ./system/src/newlib/assert.o
 .debug_ranges  0x00000000000002f8       0x28 ./system/src/diag/Trace.o
 .debug_ranges  0x0000000000000320       0x20 ./system/src/diag/trace_impl.o
 .debug_ranges  0x0000000000000340       0x18 ./system/src/cortexm/_initialize_hardware.o
 .debug_ranges  0x0000000000000358       0x78 ./system/src/cortexm/exception_handlers.o
 .debug_ranges  0x00000000000003d0       0x18 ./system/src/cmsis/system_stm32f7xx.o
 .debug_ranges  0x00000000000003e8       0x10 ./system/src/cmsis/vectors_stm32f767xx.o
 .debug_ranges  0x00000000000003f8       0x28 ./src/Timer.o
 .debug_ranges  0x0000000000000420       0x18 ./src/_initialize_hardware.o
 .debug_ranges  0x0000000000000438       0x20 ./src/main.o
 .debug_ranges  0x0000000000000458       0x28 ./src/stm32f7xx_hal_msp.o
 .debug_ranges  0x0000000000000480       0x98 ./FreeRTOS-TCP/tcp_src/NetworkInterface.o
 .debug_ranges  0x0000000000000518      0x118 ./FreeRTOS-TCP/tcp_src/stm32f7xx_hal_eth.o
 .debug_ranges  0x0000000000000630       0x30 ./FreeRTOS-TCP/src/list.o
 .debug_ranges  0x0000000000000660       0x60 ./FreeRTOS-TCP/src/port.o
 .debug_ranges  0x00000000000006c0      0x1a8 ./FreeRTOS-TCP/src/tasks.o
 .debug_ranges  0x0000000000000868       0x10 /usr/lib/gcc/arm-none-eabi/4.9.3/../../../arm-none-eabi/lib/libg_nano.a(lib_a-errno.o)
 .debug_ranges  0x0000000000000878       0x10 /usr/lib/gcc/arm-none-eabi/4.9.3/../../../arm-none-eabi/lib/libg_nano.a(lib_a-memcpy.o)
 .debug_ranges  0x0000000000000888       0x10 /usr/lib/gcc/arm-none-eabi/4.9.3/../../../arm-none-eabi/lib/libg_nano.a(lib_a-memmove.o)
 .debug_ranges  0x0000000000000898       0x10 /usr/lib/gcc/arm-none-eabi/4.9.3/../../../arm-none-eabi/lib/libg_nano.a(lib_a-strlen.o)
 .debug_ranges  0x00000000000008a8       0x18 /usr/lib/gcc/arm-none-eabi/4.9.3/../../../arm-none-eabi/lib/libg_nano.a(lib_a-vsnprintf.o)
 .debug_ranges  0x00000000000008c0       0x50 /usr/lib/gcc/arm-none-eabi/4.9.3/../../../arm-none-eabi/lib/libg_nano.a(lib_a-nano-svfprintf.o)
 .debug_ranges  0x0000000000000910       0x68 /usr/lib/gcc/arm-none-eabi/4.9.3/../../../arm-none-eabi/lib/libg_nano.a(lib_a-nano-vfprintf_i.o)
 .debug_ranges  0x0000000000000978       0x10 /usr/lib/gcc/arm-none-eabi/4.9.3/../../../arm-none-eabi/lib/libg_nano.a(lib_a-memchr.o)
 .debug_ranges  0x0000000000000988       0x28 /usr/lib/gcc/arm-none-eabi/4.9.3/../../../arm-none-eabi/lib/libg_nano.a(lib_a-nano-freer.o)
 .debug_ranges  0x00000000000009b0       0x28 /usr/lib/gcc/arm-none-eabi/4.9.3/../../../arm-none-eabi/lib/libg_nano.a(lib_a-nano-mallocr.o)
 .debug_ranges  0x00000000000009d8       0x10 /usr/lib/gcc/arm-none-eabi/4.9.3/../../../arm-none-eabi/lib/libg_nano.a(lib_a-nano-reallocr.o)
 .debug_ranges  0x00000000000009e8       0x10 /usr/lib/gcc/arm-none-eabi/4.9.3/../../../arm-none-eabi/lib/libg_nano.a(lib_a-sbrkr.o)
 .debug_ranges  0x00000000000009f8       0x10 /usr/lib/gcc/arm-none-eabi/4.9.3/../../../arm-none-eabi/lib/libg_nano.a(lib_a-nano-msizer.o)

.debug_macro    0x0000000000000000    0x228a1
 .debug_macro   0x0000000000000000      0x4b6 ./system/src/stm32f7-hal/stm32f7xx_hal.o
 .debug_macro   0x00000000000004b6      0x89e ./system/src/stm32f7-hal/stm32f7xx_hal.o
 .debug_macro   0x0000000000000d54      0x283 ./system/src/stm32f7-hal/stm32f7xx_hal.o
 .debug_macro   0x0000000000000fd7       0x2e ./system/src/stm32f7-hal/stm32f7xx_hal.o
 .debug_macro   0x0000000000001005       0x3b ./system/src/stm32f7-hal/stm32f7xx_hal.o
 .debug_macro   0x0000000000001040      0x34e ./system/src/stm32f7-hal/stm32f7xx_hal.o
 .debug_macro   0x000000000000138e       0x35 ./system/src/stm32f7-hal/stm32f7xx_hal.o
 .debug_macro   0x00000000000013c3       0x50 ./system/src/stm32f7-hal/stm32f7xx_hal.o
 .debug_macro   0x0000000000001413     0x1114 ./system/src/stm32f7-hal/stm32f7xx_hal.o
 .debug_macro   0x0000000000002527     0xb31e ./system/src/stm32f7-hal/stm32f7xx_hal.o
 .debug_macro   0x000000000000d845       0x43 ./system/src/stm32f7-hal/stm32f7xx_hal.o
 .debug_macro   0x000000000000d888     0x3520 ./system/src/stm32f7-hal/stm32f7xx_hal.o
 .debug_macro   0x0000000000010da8       0x58 ./system/src/stm32f7-hal/stm32f7xx_hal.o
 .debug_macro   0x0000000000010e00       0x22 ./system/src/stm32f7-hal/stm32f7xx_hal.o
 .debug_macro   0x0000000000010e22       0x35 ./system/src/stm32f7-hal/stm32f7xx_hal.o
 .debug_macro   0x0000000000010e57       0x9c ./system/src/stm32f7-hal/stm32f7xx_hal.o
 .debug_macro   0x0000000000010ef3       0x16 ./system/src/stm32f7-hal/stm32f7xx_hal.o
 .debug_macro   0x0000000000010f09       0x4a ./system/src/stm32f7-hal/stm32f7xx_hal.o
 .debug_macro   0x0000000000010f53       0x97 ./system/src/stm32f7-hal/stm32f7xx_hal.o
 .debug_macro   0x0000000000010fea      0x27a ./system/src/stm32f7-hal/stm32f7xx_hal.o
 .debug_macro   0x0000000000011264       0xf6 ./system/src/stm32f7-hal/stm32f7xx_hal.o
 .debug_macro   0x000000000001135a       0x10 ./system/src/stm32f7-hal/stm32f7xx_hal.o
 .debug_macro   0x000000000001136a       0x52 ./system/src/stm32f7-hal/stm32f7xx_hal.o
 .debug_macro   0x00000000000113bc       0x16 ./system/src/stm32f7-hal/stm32f7xx_hal.o
 .debug_macro   0x00000000000113d2       0x43 ./system/src/stm32f7-hal/stm32f7xx_hal.o
 .debug_macro   0x0000000000011415      0x180 ./system/src/stm32f7-hal/stm32f7xx_hal.o
 .debug_macro   0x0000000000011595       0x10 ./system/src/stm32f7-hal/stm32f7xx_hal.o
 .debug_macro   0x00000000000115a5       0x22 ./system/src/stm32f7-hal/stm32f7xx_hal.o
 .debug_macro   0x00000000000115c7       0x22 ./system/src/stm32f7-hal/stm32f7xx_hal.o
 .debug_macro   0x00000000000115e9       0xbe ./system/src/stm32f7-hal/stm32f7xx_hal.o
 .debug_macro   0x00000000000116a7       0x16 ./system/src/stm32f7-hal/stm32f7xx_hal.o
 .debug_macro   0x00000000000116bd      0x197 ./system/src/stm32f7-hal/stm32f7xx_hal.o
 .debug_macro   0x0000000000011854       0x57 ./system/src/stm32f7-hal/stm32f7xx_hal.o
 .debug_macro   0x00000000000118ab     0x1add ./system/src/stm32f7-hal/stm32f7xx_hal.o
 .debug_macro   0x0000000000013388      0x6a2 ./system/src/stm32f7-hal/stm32f7xx_hal.o
 .debug_macro   0x0000000000013a2a      0x11e ./system/src/stm32f7-hal/stm32f7xx_hal.o
 .debug_macro   0x0000000000013b48      0x270 ./system/src/stm32f7-hal/stm32f7xx_hal.o
 .debug_macro   0x0000000000013db8       0x27 ./system/src/stm32f7-hal/stm32f7xx_hal.o
 .debug_macro   0x0000000000013ddf      0x24f ./system/src/stm32f7-hal/stm32f7xx_hal.o
 .debug_macro   0x000000000001402e       0x71 ./system/src/stm32f7-hal/stm32f7xx_hal.o
 .debug_macro   0x000000000001409f       0x58 ./system/src/stm32f7-hal/stm32f7xx_hal.o
 .debug_macro   0x00000000000140f7      0x23a ./system/src/stm32f7-hal/stm32f7xx_hal.o
 .debug_macro   0x0000000000014331      0x38a ./system/src/stm32f7-hal/stm32f7xx_hal.o
 .debug_macro   0x00000000000146bb      0x161 ./system/src/stm32f7-hal/stm32f7xx_hal.o
 .debug_macro   0x000000000001481c       0xf9 ./system/src/stm32f7-hal/stm32f7xx_hal.o
 .debug_macro   0x0000000000014915      0x36e ./system/src/stm32f7-hal/stm32f7xx_hal.o
 .debug_macro   0x0000000000014c83      0x2e2 ./system/src/stm32f7-hal/stm32f7xx_hal.o
 .debug_macro   0x0000000000014f65       0xab ./system/src/stm32f7-hal/stm32f7xx_hal.o
 .debug_macro   0x0000000000015010       0x4c ./system/src/stm32f7-hal/stm32f7xx_hal.o
 .debug_macro   0x000000000001505c       0x2e ./system/src/stm32f7-hal/stm32f7xx_hal.o
 .debug_macro   0x000000000001508a      0x22b ./system/src/stm32f7-hal/stm32f7xx_hal.o
 .debug_macro   0x00000000000152b5       0xe6 ./system/src/stm32f7-hal/stm32f7xx_hal.o
 .debug_macro   0x000000000001539b       0xa1 ./system/src/stm32f7-hal/stm32f7xx_hal.o
 .debug_macro   0x000000000001543c       0x3c ./system/src/stm32f7-hal/stm32f7xx_hal.o
 .debug_macro   0x0000000000015478      0x22c ./system/src/stm32f7-hal/stm32f7xx_hal.o
 .debug_macro   0x00000000000156a4      0xcd5 ./system/src/stm32f7-hal/stm32f7xx_hal.o
 .debug_macro   0x0000000000016379      0x149 ./system/src/stm32f7-hal/stm32f7xx_hal.o
 .debug_macro   0x00000000000164c2      0x3de ./system/src/stm32f7-hal/stm32f7xx_hal.o
 .debug_macro   0x00000000000168a0       0x12 ./system/src/stm32f7-hal/stm32f7xx_hal.o
 .debug_macro   0x00000000000168b2      0x516 ./system/src/stm32f7-hal/stm32f7xx_hal.o
 .debug_macro   0x0000000000016dc8       0x88 ./system/src/stm32f7-hal/stm32f7xx_hal.o
 .debug_macro   0x0000000000016e50       0xce ./system/src/stm32f7-hal/stm32f7xx_hal.o
 .debug_macro   0x0000000000016f1e       0x10 ./system/src/stm32f7-hal/stm32f7xx_hal.o
 .debug_macro   0x0000000000016f2e      0x209 ./system/src/stm32f7-hal/stm32f7xx_hal.o
 .debug_macro   0x0000000000017137       0x58 ./system/src/stm32f7-hal/stm32f7xx_hal.o
 .debug_macro   0x000000000001718f       0x90 ./system/src/stm32f7-hal/stm32f7xx_hal.o
 .debug_macro   0x000000000001721f      0x1b5 ./system/src/stm32f7-hal/stm32f7xx_hal.o
 .debug_macro   0x00000000000173d4       0x87 ./system/src/stm32f7-hal/stm32f7xx_hal.o
 .debug_macro   0x000000000001745b      0x28d ./system/src/stm32f7-hal/stm32f7xx_hal.o
 .debug_macro   0x00000000000176e8      0x255 ./system/src/stm32f7-hal/stm32f7xx_hal.o
 .debug_macro   0x000000000001793d      0x133 ./system/src/stm32f7-hal/stm32f7xx_hal.o
 .debug_macro   0x0000000000017a70      0x10c ./system/src/stm32f7-hal/stm32f7xx_hal.o
 .debug_macro   0x0000000000017b7c       0x35 ./system/src/stm32f7-hal/stm32f7xx_hal.o
 .debug_macro   0x0000000000017bb1      0x2e2 ./system/src/stm32f7-hal/stm32f7xx_hal.o
 .debug_macro   0x0000000000017e93       0x7b ./system/src/stm32f7-hal/stm32f7xx_hal.o
 .debug_macro   0x0000000000017f0e      0x313 ./system/src/stm32f7-hal/stm32f7xx_hal.o
 .debug_macro   0x0000000000018221      0x4dc ./system/src/stm32f7-hal/stm32f7xx_hal.o
 .debug_macro   0x00000000000186fd       0xd6 ./system/src/stm32f7-hal/stm32f7xx_hal.o
 .debug_macro   0x00000000000187d3      0x447 ./system/src/stm32f7-hal/stm32f7xx_hal.o
 .debug_macro   0x0000000000018c1a      0x398 ./system/src/stm32f7-hal/stm32f7xx_hal.o
 .debug_macro   0x0000000000018fb2      0x22b ./system/src/stm32f7-hal/stm32f7xx_hal.o
 .debug_macro   0x00000000000191dd      0x1ed ./system/src/stm32f7-hal/stm32f7xx_hal.o
 .debug_macro   0x00000000000193ca      0x2e2 ./system/src/stm32f7-hal/stm32f7xx_hal.o
 .debug_macro   0x00000000000196ac      0x677 ./system/src/stm32f7-hal/stm32f7xx_hal.o
 .debug_macro   0x0000000000019d23      0x28e ./system/src/stm32f7-hal/stm32f7xx_hal.o
 .debug_macro   0x0000000000019fb1      0x138 ./system/src/stm32f7-hal/stm32f7xx_hal.o
 .debug_macro   0x000000000001a0e9      0x4e8 ./system/src/stm32f7-hal/stm32f7xx_hal.o
 .debug_macro   0x000000000001a5d1       0x47 ./system/src/stm32f7-hal/stm32f7xx_hal.o
 .debug_macro   0x000000000001a618      0x1df ./system/src/stm32f7-hal/stm32f7xx_hal.o
 .debug_macro   0x000000000001a7f7       0x29 ./system/src/stm32f7-hal/stm32f7xx_hal.o
 .debug_macro   0x000000000001a820       0x58 ./system/src/stm32f7-hal/stm32f7xx_hal.o
 .debug_macro   0x000000000001a878      0x1c3 ./system/src/stm32f7-hal/stm32f7xx_hal.o
 .debug_macro   0x000000000001aa3b       0x30 ./system/src/stm32f7-hal/stm32f7xx_hal.o
 .debug_macro   0x000000000001aa6b       0x58 ./system/src/stm32f7-hal/stm32f7xx_hal.o
 .debug_macro   0x000000000001aac3      0x2cd ./system/src/stm32f7-hal/stm32f7xx_hal.o
 .debug_macro   0x000000000001ad90       0x10 ./system/src/stm32f7-hal/stm32f7xx_hal.o
 .debug_macro   0x000000000001ada0       0xa5 ./system/src/stm32f7-hal/stm32f7xx_hal.o
 .debug_macro   0x000000000001ae45       0x89 ./system/src/stm32f7-hal/stm32f7xx_hal.o
 .debug_macro   0x000000000001aece      0x1df ./system/src/stm32f7-hal/stm32f7xx_hal.o
 .debug_macro   0x000000000001b0ad      0x119 ./system/src/stm32f7-hal/stm32f7xx_hal.o
 .debug_macro   0x000000000001b1c6       0x75 ./system/src/stm32f7-hal/stm32f7xx_hal.o
 .debug_macro   0x000000000001b23b      0x2a3 ./system/src/stm32f7-hal/stm32f7xx_hal.o
 .debug_macro   0x000000000001b4de      0x137 ./system/src/stm32f7-hal/stm32f7xx_hal.o
 .debug_macro   0x000000000001b615      0x2c5 ./system/src/stm32f7-hal/stm32f7xx_hal.o
 .debug_macro   0x000000000001b8da      0x158 ./system/src/stm32f7-hal/stm32f7xx_hal.o
 .debug_macro   0x000000000001ba32      0x492 ./system/src/stm32f7-hal/stm32f7xx_hal_cortex.o
 .debug_macro   0x000000000001bec4      0x4aa ./system/src/stm32f7-hal/stm32f7xx_hal_pwr_ex.o
 .debug_macro   0x000000000001c36e      0x4b6 ./system/src/stm32f7-hal/stm32f7xx_hal_rcc.o
 .debug_macro   0x000000000001c824      0x49e ./system/src/stm32f7-hal/stm32f7xx_hal_rcc_ex.o
 .debug_macro   0x000000000001ccc2      0x131 ./system/src/newlib/_exit.o
 .debug_macro   0x000000000001cdf3      0x10e ./system/src/newlib/_exit.o
 .debug_macro   0x000000000001cf01       0x86 ./system/src/newlib/_exit.o
 .debug_macro   0x000000000001cf87       0x35 ./system/src/newlib/_exit.o
 .debug_macro   0x000000000001cfbc       0xed ./system/src/newlib/_sbrk.o
 .debug_macro   0x000000000001d0a9      0x16d ./system/src/newlib/_sbrk.o
 .debug_macro   0x000000000001d216       0x10 ./system/src/newlib/_sbrk.o
 .debug_macro   0x000000000001d226      0x23b ./system/src/newlib/_sbrk.o
 .debug_macro   0x000000000001d461       0xf7 ./system/src/newlib/_startup.o
 .debug_macro   0x000000000001d558      0x89e ./system/src/newlib/_startup.o
 .debug_macro   0x000000000001ddf6      0x189 ./system/src/newlib/_syscalls.o
 .debug_macro   0x000000000001df7f       0x1c ./system/src/newlib/_syscalls.o
 .debug_macro   0x000000000001df9b       0x10 ./system/src/newlib/_syscalls.o
 .debug_macro   0x000000000001dfab       0x10 ./system/src/newlib/_syscalls.o
 .debug_macro   0x000000000001dfbb       0x10 ./system/src/newlib/_syscalls.o
 .debug_macro   0x000000000001dfcb       0x10 ./system/src/newlib/_syscalls.o
 .debug_macro   0x000000000001dfdb       0x35 ./system/src/newlib/_syscalls.o
 .debug_macro   0x000000000001e010      0x122 ./system/src/newlib/_syscalls.o
 .debug_macro   0x000000000001e132       0x2e ./system/src/newlib/_syscalls.o
 .debug_macro   0x000000000001e160       0x82 ./system/src/newlib/_syscalls.o
 .debug_macro   0x000000000001e1e2      0x10c ./system/src/newlib/_syscalls.o
 .debug_macro   0x000000000001e2ee      0x159 ./system/src/newlib/_syscalls.o
 .debug_macro   0x000000000001e447       0x16 ./system/src/newlib/_syscalls.o
 .debug_macro   0x000000000001e45d      0x14d ./system/src/newlib/assert.o
 .debug_macro   0x000000000001e5aa       0x1c ./system/src/newlib/assert.o
 .debug_macro   0x000000000001e5c6      0x15e ./system/src/diag/Trace.o
 .debug_macro   0x000000000001e724       0x52 ./system/src/diag/Trace.o
 .debug_macro   0x000000000001e776       0x16 ./system/src/diag/Trace.o
 .debug_macro   0x000000000001e78c      0x4be ./system/src/diag/trace_impl.o
 .debug_macro   0x000000000001ec4a      0x48d ./system/src/cortexm/_initialize_hardware.o
 .debug_macro   0x000000000001f0d7      0x4e2 ./system/src/cortexm/exception_handlers.o
 .debug_macro   0x000000000001f5b9       0x3b ./system/src/cortexm/exception_handlers.o
 .debug_macro   0x000000000001f5f4       0x22 ./system/src/cortexm/exception_handlers.o
 .debug_macro   0x000000000001f616      0x489 ./system/src/cmsis/system_stm32f7xx.o
 .debug_macro   0x000000000001fa9f       0x34 ./system/src/cmsis/vectors_stm32f767xx.o
 .debug_macro   0x000000000001fad3      0x4a6 ./src/Timer.o
 .debug_macro   0x000000000001ff79       0x10 ./src/Timer.o
 .debug_macro   0x000000000001ff89      0x48c ./src/_initialize_hardware.o
 .debug_macro   0x0000000000020415      0x592 ./src/main.o
 .debug_macro   0x00000000000209a7       0xfa ./src/main.o
 .debug_macro   0x0000000000020aa1      0x15a ./src/main.o
 .debug_macro   0x0000000000020bfb       0xd6 ./src/main.o
 .debug_macro   0x0000000000020cd1       0x10 ./src/main.o
 .debug_macro   0x0000000000020ce1       0x1f ./src/main.o
 .debug_macro   0x0000000000020d00      0x4e1 ./src/main.o
 .debug_macro   0x00000000000211e1       0xb5 ./src/main.o
 .debug_macro   0x0000000000021296       0x8c ./src/main.o
 .debug_macro   0x0000000000021322      0x492 ./src/stm32f7xx_hal_msp.o
 .debug_macro   0x00000000000217b4      0x703 ./FreeRTOS-TCP/tcp_src/NetworkInterface.o
 .debug_macro   0x0000000000021eb7       0x70 ./FreeRTOS-TCP/tcp_src/NetworkInterface.o
 .debug_macro   0x0000000000021f27      0x4bb ./FreeRTOS-TCP/tcp_src/stm32f7xx_hal_eth.o
 .debug_macro   0x00000000000223e2      0x14e ./FreeRTOS-TCP/src/list.o
 .debug_macro   0x0000000000022530      0x133 ./FreeRTOS-TCP/src/port.o
 .debug_macro   0x0000000000022663      0x22e ./FreeRTOS-TCP/src/tasks.o
 .debug_macro   0x0000000000022891       0x10 ./FreeRTOS-TCP/src/tasks.o